{
    "Problem": "Golden_10",
    "Set": "Golden et al.",
    "Capacity": 1000,
    "Best": 741.56,
    "Optimal": false,
    "Encoded Bits": 25,
    "X Bits": 7,
    "Y Bits": 7,
    "Demand Bits": 10,
    "Depot Bits": 1,
    "Nodes": [
        [
            1,
            0,
            -17,
            0,
            2176
        ],
        [
            2,
            -1,
            -16,
            300,
            4917249
        ],
        [
            3,
            1,
            -16,
            300,
            4917505
        ],
        [
            4,
            -2,
            -15,
            180,
            2951042
        ],
        [
            5,
            0,
            -15,
            300,
            4917378
        ],
        [
            6,
            2,
            -15,
            180,
            2951554
        ],
        [
            7,
            -3,
            -14,
            128,
            2098947
        ],
        [
            8,
            -1,
            -14,
            180,
            2951171
        ],
        [
            9,
            1,
            -14,
            180,
            2951427
        ],
        [
            10,
            3,
            -14,
            128,
            2099715
        ],
        [
            11,
            -4,
            -13,
            100,
            1640068
        ],
        [
            12,
            -2,
            -13,
            128,
            2099076
        ],
        [
            13,
            0,
            -13,
            180,
            2951300
        ],
        [
            14,
            2,
            -13,
            128,
            2099588
        ],
        [
            15,
            4,
            -13,
            100,
            1641092
        ],
        [
            16,
            -5,
            -12,
            81,
            1328645
        ],
        [
            17,
            -3,
            -12,
            100,
            1640197
        ],
        [
            18,
            -1,
            -12,
            128,
            2099205
        ],
        [
            19,
            1,
            -12,
            128,
            2099461
        ],
        [
            20,
            3,
            -12,
            100,
            1640965
        ],
        [
            21,
            5,
            -12,
            81,
            1329925
        ],
        [
            22,
            -6,
            -11,
            69,
            1131910
        ],
        [
            23,
            -4,
            -11,
            81,
            1328774
        ],
        [
            24,
            -2,
            -11,
            100,
            1640326
        ],
        [
            25,
            0,
            -11,
            128,
            2099334
        ],
        [
            26,
            2,
            -11,
            100,
            1640838
        ],
        [
            27,
            4,
            -11,
            81,
            1329798
        ],
        [
            28,
            6,
            -11,
            69,
            1133446
        ],
        [
            29,
            -7,
            -10,
            60,
            984327
        ],
        [
            30,
            -5,
            -10,
            69,
            1132039
        ],
        [
            31,
            -3,
            -10,
            81,
            1328903
        ],
        [
            32,
            -1,
            -10,
            100,
            1640455
        ],
        [
            33,
            1,
            -10,
            100,
            1640711
        ],
        [
            34,
            3,
            -10,
            81,
            1329671
        ],
        [
            35,
            5,
            -10,
            69,
            1133319
        ],
        [
            36,
            7,
            -10,
            60,
            986119
        ],
        [
            37,
            -8,
            -9,
            52,
            853128
        ],
        [
            38,
            -6,
            -9,
            60,
            984456
        ],
        [
            39,
            -4,
            -9,
            69,
            1132168
        ],
        [
            40,
            -2,
            -9,
            81,
            1329032
        ],
        [
            41,
            0,
            -9,
            100,
            1640584
        ],
        [
            42,
            2,
            -9,
            81,
            1329544
        ],
        [
            43,
            4,
            -9,
            69,
            1133192
        ],
        [
            44,
            6,
            -9,
            60,
            985992
        ],
        [
            45,
            8,
            -9,
            52,
            855176
        ],
        [
            46,
            -9,
            -8,
            47,
            771081
        ],
        [
            47,
            -7,
            -8,
            52,
            853257
        ],
        [
            48,
            -5,
            -8,
            60,
            984585
        ],
        [
            49,
            -3,
            -8,
            69,
            1132297
        ],
        [
            50,
            -1,
            -8,
            81,
            1329161
        ],
        [
            51,
            1,
            -8,
            81,
            1329417
        ],
        [
            52,
            3,
            -8,
            69,
            1133065
        ],
        [
            53,
            5,
            -8,
            60,
            985865
        ],
        [
            54,
            7,
            -8,
            52,
            855049
        ],
        [
            55,
            9,
            -8,
            47,
            773385
        ],
        [
            56,
            -10,
            -7,
            42,
            689034
        ],
        [
            57,
            -8,
            -7,
            47,
            771210
        ],
        [
            58,
            -6,
            -7,
            52,
            853386
        ],
        [
            59,
            -4,
            -7,
            60,
            984714
        ],
        [
            60,
            -2,
            -7,
            69,
            1132426
        ],
        [
            61,
            0,
            -7,
            81,
            1329290
        ],
        [
            62,
            2,
            -7,
            69,
            1132938
        ],
        [
            63,
            4,
            -7,
            60,
            985738
        ],
        [
            64,
            6,
            -7,
            52,
            854922
        ],
        [
            65,
            8,
            -7,
            47,
            773258
        ],
        [
            66,
            10,
            -7,
            42,
            691594
        ],
        [
            67,
            -11,
            -6,
            39,
            639755
        ],
        [
            68,
            -9,
            -6,
            42,
            689163
        ],
        [
            69,
            -7,
            -6,
            47,
            771339
        ],
        [
            70,
            -5,
            -6,
            52,
            853515
        ],
        [
            71,
            -3,
            -6,
            60,
            984843
        ],
        [
            72,
            -1,
            -6,
            69,
            1132555
        ],
        [
            73,
            1,
            -6,
            69,
            1132811
        ],
        [
            74,
            3,
            -6,
            60,
            985611
        ],
        [
            75,
            5,
            -6,
            52,
            854795
        ],
        [
            76,
            7,
            -6,
            47,
            773131
        ],
        [
            77,
            9,
            -6,
            42,
            691467
        ],
        [
            78,
            11,
            -6,
            39,
            642571
        ],
        [
            79,
            -12,
            -5,
            36,
            590476
        ],
        [
            80,
            -10,
            -5,
            39,
            639884
        ],
        [
            81,
            -8,
            -5,
            42,
            689292
        ],
        [
            82,
            -6,
            -5,
            47,
            771468
        ],
        [
            83,
            -4,
            -5,
            52,
            853644
        ],
        [
            84,
            -2,
            -5,
            60,
            984972
        ],
        [
            85,
            0,
            -5,
            69,
            1132684
        ],
        [
            86,
            2,
            -5,
            60,
            985484
        ],
        [
            87,
            4,
            -5,
            52,
            854668
        ],
        [
            88,
            6,
            -5,
            47,
            773004
        ],
        [
            89,
            8,
            -5,
            42,
            691340
        ],
        [
            90,
            10,
            -5,
            39,
            642444
        ],
        [
            91,
            12,
            -5,
            36,
            593548
        ],
        [
            92,
            -13,
            -4,
            33,
            541197
        ],
        [
            93,
            -11,
            -4,
            36,
            590605
        ],
        [
            94,
            -9,
            -4,
            39,
            640013
        ],
        [
            95,
            -7,
            -4,
            42,
            689421
        ],
        [
            96,
            -5,
            -4,
            47,
            771597
        ],
        [
            97,
            -3,
            -4,
            52,
            853773
        ],
        [
            98,
            -1,
            -4,
            60,
            985101
        ],
        [
            99,
            1,
            -4,
            60,
            985357
        ],
        [
            100,
            3,
            -4,
            52,
            854541
        ],
        [
            101,
            5,
            -4,
            47,
            772877
        ],
        [
            102,
            7,
            -4,
            42,
            691213
        ],
        [
            103,
            9,
            -4,
            39,
            642317
        ],
        [
            104,
            11,
            -4,
            36,
            593421
        ],
        [
            105,
            13,
            -4,
            33,
            544525
        ],
        [
            106,
            -14,
            -3,
            31,
            508302
        ],
        [
            107,
            -12,
            -3,
            33,
            541326
        ],
        [
            108,
            -10,
            -3,
            36,
            590734
        ],
        [
            109,
            -8,
            -3,
            39,
            640142
        ],
        [
            110,
            -6,
            -3,
            42,
            689550
        ],
        [
            111,
            -4,
            -3,
            47,
            771726
        ],
        [
            112,
            -2,
            -3,
            52,
            853902
        ],
        [
            113,
            0,
            -3,
            60,
            985230
        ],
        [
            114,
            2,
            -3,
            52,
            854414
        ],
        [
            115,
            4,
            -3,
            47,
            772750
        ],
        [
            116,
            6,
            -3,
            42,
            691086
        ],
        [
            117,
            8,
            -3,
            39,
            642190
        ],
        [
            118,
            10,
            -3,
            36,
            593294
        ],
        [
            119,
            12,
            -3,
            33,
            544398
        ],
        [
            120,
            14,
            -3,
            31,
            511886
        ],
        [
            121,
            -15,
            -2,
            29,
            475407
        ],
        [
            122,
            -13,
            -2,
            31,
            508431
        ],
        [
            123,
            -11,
            -2,
            33,
            541455
        ],
        [
            124,
            -9,
            -2,
            36,
            590863
        ],
        [
            125,
            -7,
            -2,
            39,
            640271
        ],
        [
            126,
            -5,
            -2,
            42,
            689679
        ],
        [
            127,
            -3,
            -2,
            47,
            771855
        ],
        [
            128,
            -1,
            -2,
            52,
            854031
        ],
        [
            129,
            1,
            -2,
            52,
            854287
        ],
        [
            130,
            3,
            -2,
            47,
            772623
        ],
        [
            131,
            5,
            -2,
            42,
            690959
        ],
        [
            132,
            7,
            -2,
            39,
            642063
        ],
        [
            133,
            9,
            -2,
            36,
            593167
        ],
        [
            134,
            11,
            -2,
            33,
            544271
        ],
        [
            135,
            13,
            -2,
            31,
            511759
        ],
        [
            136,
            15,
            -2,
            29,
            479247
        ],
        [
            137,
            -16,
            -1,
            27,
            442512
        ],
        [
            138,
            -14,
            -1,
            29,
            475536
        ],
        [
            139,
            -12,
            -1,
            31,
            508560
        ],
        [
            140,
            -10,
            -1,
            33,
            541584
        ],
        [
            141,
            -8,
            -1,
            36,
            590992
        ],
        [
            142,
            -6,
            -1,
            39,
            640400
        ],
        [
            143,
            -4,
            -1,
            42,
            689808
        ],
        [
            144,
            -2,
            -1,
            47,
            771984
        ],
        [
            145,
            0,
            -1,
            52,
            854160
        ],
        [
            146,
            2,
            -1,
            47,
            772496
        ],
        [
            147,
            4,
            -1,
            42,
            690832
        ],
        [
            148,
            6,
            -1,
            39,
            641936
        ],
        [
            149,
            8,
            -1,
            36,
            593040
        ],
        [
            150,
            10,
            -1,
            33,
            544144
        ],
        [
            151,
            12,
            -1,
            31,
            511632
        ],
        [
            152,
            14,
            -1,
            29,
            479120
        ],
        [
            153,
            16,
            -1,
            27,
            446608
        ],
        [
            154,
            -17,
            0,
            25,
            409617
        ],
        [
            155,
            -15,
            0,
            27,
            442641
        ],
        [
            156,
            -13,
            0,
            29,
            475665
        ],
        [
            157,
            -11,
            0,
            31,
            508689
        ],
        [
            158,
            -9,
            0,
            33,
            541713
        ],
        [
            159,
            -7,
            0,
            36,
            591121
        ],
        [
            160,
            -5,
            0,
            39,
            640529
        ],
        [
            161,
            -3,
            0,
            42,
            689937
        ],
        [
            162,
            -1,
            0,
            47,
            772113
        ],
        [
            163,
            1,
            0,
            47,
            772369
        ],
        [
            164,
            3,
            0,
            42,
            690705
        ],
        [
            165,
            5,
            0,
            39,
            641809
        ],
        [
            166,
            7,
            0,
            36,
            592913
        ],
        [
            167,
            9,
            0,
            33,
            544017
        ],
        [
            168,
            11,
            0,
            31,
            511505
        ],
        [
            169,
            13,
            0,
            29,
            478993
        ],
        [
            170,
            15,
            0,
            27,
            446481
        ],
        [
            171,
            17,
            0,
            25,
            413969
        ],
        [
            172,
            -16,
            1,
            25,
            409746
        ],
        [
            173,
            -14,
            1,
            27,
            442770
        ],
        [
            174,
            -12,
            1,
            29,
            475794
        ],
        [
            175,
            -10,
            1,
            31,
            508818
        ],
        [
            176,
            -8,
            1,
            33,
            541842
        ],
        [
            177,
            -6,
            1,
            36,
            591250
        ],
        [
            178,
            -4,
            1,
            39,
            640658
        ],
        [
            179,
            -2,
            1,
            42,
            690066
        ],
        [
            180,
            0,
            1,
            47,
            772242
        ],
        [
            181,
            2,
            1,
            42,
            690578
        ],
        [
            182,
            4,
            1,
            39,
            641682
        ],
        [
            183,
            6,
            1,
            36,
            592786
        ],
        [
            184,
            8,
            1,
            33,
            543890
        ],
        [
            185,
            10,
            1,
            31,
            511378
        ],
        [
            186,
            12,
            1,
            29,
            478866
        ],
        [
            187,
            14,
            1,
            27,
            446354
        ],
        [
            188,
            16,
            1,
            25,
            413842
        ],
        [
            189,
            -15,
            2,
            25,
            409875
        ],
        [
            190,
            -13,
            2,
            27,
            442899
        ],
        [
            191,
            -11,
            2,
            29,
            475923
        ],
        [
            192,
            -9,
            2,
            31,
            508947
        ],
        [
            193,
            -7,
            2,
            33,
            541971
        ],
        [
            194,
            -5,
            2,
            36,
            591379
        ],
        [
            195,
            -3,
            2,
            39,
            640787
        ],
        [
            196,
            -1,
            2,
            42,
            690195
        ],
        [
            197,
            1,
            2,
            42,
            690451
        ],
        [
            198,
            3,
            2,
            39,
            641555
        ],
        [
            199,
            5,
            2,
            36,
            592659
        ],
        [
            200,
            7,
            2,
            33,
            543763
        ],
        [
            201,
            9,
            2,
            31,
            511251
        ],
        [
            202,
            11,
            2,
            29,
            478739
        ],
        [
            203,
            13,
            2,
            27,
            446227
        ],
        [
            204,
            15,
            2,
            25,
            413715
        ],
        [
            205,
            -14,
            3,
            25,
            410004
        ],
        [
            206,
            -12,
            3,
            27,
            443028
        ],
        [
            207,
            -10,
            3,
            29,
            476052
        ],
        [
            208,
            -8,
            3,
            31,
            509076
        ],
        [
            209,
            -6,
            3,
            33,
            542100
        ],
        [
            210,
            -4,
            3,
            36,
            591508
        ],
        [
            211,
            -2,
            3,
            39,
            640916
        ],
        [
            212,
            0,
            3,
            42,
            690324
        ],
        [
            213,
            2,
            3,
            39,
            641428
        ],
        [
            214,
            4,
            3,
            36,
            592532
        ],
        [
            215,
            6,
            3,
            33,
            543636
        ],
        [
            216,
            8,
            3,
            31,
            511124
        ],
        [
            217,
            10,
            3,
            29,
            478612
        ],
        [
            218,
            12,
            3,
            27,
            446100
        ],
        [
            219,
            14,
            3,
            25,
            413588
        ],
        [
            220,
            -13,
            4,
            25,
            410133
        ],
        [
            221,
            -11,
            4,
            27,
            443157
        ],
        [
            222,
            -9,
            4,
            29,
            476181
        ],
        [
            223,
            -7,
            4,
            31,
            509205
        ],
        [
            224,
            -5,
            4,
            33,
            542229
        ],
        [
            225,
            -3,
            4,
            36,
            591637
        ],
        [
            226,
            -1,
            4,
            39,
            641045
        ],
        [
            227,
            1,
            4,
            39,
            641301
        ],
        [
            228,
            3,
            4,
            36,
            592405
        ],
        [
            229,
            5,
            4,
            33,
            543509
        ],
        [
            230,
            7,
            4,
            31,
            510997
        ],
        [
            231,
            9,
            4,
            29,
            478485
        ],
        [
            232,
            11,
            4,
            27,
            445973
        ],
        [
            233,
            13,
            4,
            25,
            413461
        ],
        [
            234,
            -12,
            5,
            25,
            410262
        ],
        [
            235,
            -10,
            5,
            27,
            443286
        ],
        [
            236,
            -8,
            5,
            29,
            476310
        ],
        [
            237,
            -6,
            5,
            31,
            509334
        ],
        [
            238,
            -4,
            5,
            33,
            542358
        ],
        [
            239,
            -2,
            5,
            36,
            591766
        ],
        [
            240,
            0,
            5,
            39,
            641174
        ],
        [
            241,
            2,
            5,
            36,
            592278
        ],
        [
            242,
            4,
            5,
            33,
            543382
        ],
        [
            243,
            6,
            5,
            31,
            510870
        ],
        [
            244,
            8,
            5,
            29,
            478358
        ],
        [
            245,
            10,
            5,
            27,
            445846
        ],
        [
            246,
            12,
            5,
            25,
            413334
        ],
        [
            247,
            -11,
            6,
            25,
            410391
        ],
        [
            248,
            -9,
            6,
            27,
            443415
        ],
        [
            249,
            -7,
            6,
            29,
            476439
        ],
        [
            250,
            -5,
            6,
            31,
            509463
        ],
        [
            251,
            -3,
            6,
            33,
            542487
        ],
        [
            252,
            -1,
            6,
            36,
            591895
        ],
        [
            253,
            1,
            6,
            36,
            592151
        ],
        [
            254,
            3,
            6,
            33,
            543255
        ],
        [
            255,
            5,
            6,
            31,
            510743
        ],
        [
            256,
            7,
            6,
            29,
            478231
        ],
        [
            257,
            9,
            6,
            27,
            445719
        ],
        [
            258,
            11,
            6,
            25,
            413207
        ],
        [
            259,
            -10,
            7,
            25,
            410520
        ],
        [
            260,
            -8,
            7,
            27,
            443544
        ],
        [
            261,
            -6,
            7,
            29,
            476568
        ],
        [
            262,
            -4,
            7,
            31,
            509592
        ],
        [
            263,
            -2,
            7,
            33,
            542616
        ],
        [
            264,
            0,
            7,
            36,
            592024
        ],
        [
            265,
            2,
            7,
            33,
            543128
        ],
        [
            266,
            4,
            7,
            31,
            510616
        ],
        [
            267,
            6,
            7,
            29,
            478104
        ],
        [
            268,
            8,
            7,
            27,
            445592
        ],
        [
            269,
            10,
            7,
            25,
            413080
        ],
        [
            270,
            -9,
            8,
            25,
            410649
        ],
        [
            271,
            -7,
            8,
            27,
            443673
        ],
        [
            272,
            -5,
            8,
            29,
            476697
        ],
        [
            273,
            -3,
            8,
            31,
            509721
        ],
        [
            274,
            -1,
            8,
            33,
            542745
        ],
        [
            275,
            1,
            8,
            33,
            543001
        ],
        [
            276,
            3,
            8,
            31,
            510489
        ],
        [
            277,
            5,
            8,
            29,
            477977
        ],
        [
            278,
            7,
            8,
            27,
            445465
        ],
        [
            279,
            9,
            8,
            25,
            412953
        ],
        [
            280,
            -8,
            9,
            25,
            410778
        ],
        [
            281,
            -6,
            9,
            27,
            443802
        ],
        [
            282,
            -4,
            9,
            29,
            476826
        ],
        [
            283,
            -2,
            9,
            31,
            509850
        ],
        [
            284,
            0,
            9,
            33,
            542874
        ],
        [
            285,
            2,
            9,
            31,
            510362
        ],
        [
            286,
            4,
            9,
            29,
            477850
        ],
        [
            287,
            6,
            9,
            27,
            445338
        ],
        [
            288,
            8,
            9,
            25,
            412826
        ],
        [
            289,
            -7,
            10,
            25,
            410907
        ],
        [
            290,
            -5,
            10,
            27,
            443931
        ],
        [
            291,
            -3,
            10,
            29,
            476955
        ],
        [
            292,
            -1,
            10,
            31,
            509979
        ],
        [
            293,
            1,
            10,
            31,
            510235
        ],
        [
            294,
            3,
            10,
            29,
            477723
        ],
        [
            295,
            5,
            10,
            27,
            445211
        ],
        [
            296,
            7,
            10,
            25,
            412699
        ],
        [
            297,
            -6,
            11,
            25,
            411036
        ],
        [
            298,
            -4,
            11,
            27,
            444060
        ],
        [
            299,
            -2,
            11,
            29,
            477084
        ],
        [
            300,
            0,
            11,
            31,
            510108
        ],
        [
            301,
            2,
            11,
            29,
            477596
        ],
        [
            302,
            4,
            11,
            27,
            445084
        ],
        [
            303,
            6,
            11,
            25,
            412572
        ],
        [
            304,
            -5,
            12,
            25,
            411165
        ],
        [
            305,
            -3,
            12,
            27,
            444189
        ],
        [
            306,
            -1,
            12,
            29,
            477213
        ],
        [
            307,
            1,
            12,
            29,
            477469
        ],
        [
            308,
            3,
            12,
            27,
            444957
        ],
        [
            309,
            5,
            12,
            25,
            412445
        ],
        [
            310,
            -4,
            13,
            25,
            411294
        ],
        [
            311,
            -2,
            13,
            27,
            444318
        ],
        [
            312,
            0,
            13,
            29,
            477342
        ],
        [
            313,
            2,
            13,
            27,
            444830
        ],
        [
            314,
            4,
            13,
            25,
            412318
        ],
        [
            315,
            -3,
            14,
            25,
            411423
        ],
        [
            316,
            -1,
            14,
            27,
            444447
        ],
        [
            317,
            1,
            14,
            27,
            444703
        ],
        [
            318,
            3,
            14,
            25,
            412191
        ],
        [
            319,
            -2,
            15,
            25,
            411552
        ],
        [
            320,
            0,
            15,
            27,
            444576
        ],
        [
            321,
            2,
            15,
            25,
            412064
        ],
        [
            322,
            -1,
            16,
            25,
            411681
        ],
        [
            323,
            1,
            16,
            25,
            411937
        ],
        [
            324,
            0,
            17,
            25,
            411810
        ]
    ]
}