{
    "Problem": "Golden_18",
    "Set": "Golden et al.",
    "Capacity": 200,
    "Dimension": 301,
    "Best": 997.52,
    "Optimal": true,
    "Encoded Bits": 22,
    "X Bits": 7,
    "Y Bits": 7,
    "Demand Bits": 7,
    "Depot Bits": 1,
    "Nodes": [
        [
            1,
            0,
            0,
            0,
            2712
        ],
        [
            2,
            5,
            0,
            40,
            658840
        ],
        [
            3,
            2,
            5,
            40,
            658461
        ],
        [
            4,
            -2,
            5,
            40,
            657693
        ],
        [
            5,
            -5,
            0,
            40,
            657304
        ],
        [
            6,
            -2,
            -5,
            40,
            657683
        ],
        [
            7,
            2,
            -5,
            40,
            658451
        ],
        [
            8,
            8,
            5,
            40,
            659229
        ],
        [
            9,
            0,
            10,
            40,
            658082
        ],
        [
            10,
            -8,
            5,
            40,
            656925
        ],
        [
            11,
            -8,
            -5,
            40,
            656915
        ],
        [
            12,
            0,
            -10,
            40,
            658062
        ],
        [
            13,
            8,
            -5,
            40,
            659219
        ],
        [
            14,
            5,
            0,
            10,
            167193
        ],
        [
            15,
            3,
            4,
            10,
            166941
        ],
        [
            16,
            6,
            -1,
            10,
            167447
        ],
        [
            17,
            7,
            -2,
            20,
            331286
        ],
        [
            18,
            7,
            -3,
            10,
            167573
        ],
        [
            19,
            6,
            1,
            10,
            167450
        ],
        [
            20,
            7,
            2,
            20,
            331291
        ],
        [
            21,
            7,
            3,
            10,
            167580
        ],
        [
            22,
            2,
            5,
            10,
            166813
        ],
        [
            23,
            -2,
            5,
            10,
            166301
        ],
        [
            24,
            4,
            5,
            10,
            167069
        ],
        [
            25,
            5,
            5,
            20,
            331165
        ],
        [
            26,
            7,
            5,
            10,
            167453
        ],
        [
            27,
            2,
            6,
            10,
            166815
        ],
        [
            28,
            1,
            7,
            20,
            330656
        ],
        [
            29,
            0,
            8,
            10,
            166689
        ],
        [
            30,
            -3,
            4,
            10,
            166173
        ],
        [
            31,
            -5,
            0,
            10,
            165913
        ],
        [
            32,
            -2,
            6,
            10,
            166303
        ],
        [
            33,
            -1,
            7,
            20,
            330272
        ],
        [
            34,
            0,
            8,
            10,
            166433
        ],
        [
            35,
            -4,
            5,
            10,
            166045
        ],
        [
            36,
            -5,
            5,
            20,
            329629
        ],
        [
            37,
            -7,
            5,
            10,
            165661
        ],
        [
            38,
            -5,
            0,
            10,
            165912
        ],
        [
            39,
            -3,
            -4,
            10,
            166164
        ],
        [
            40,
            -6,
            1,
            10,
            165786
        ],
        [
            41,
            -7,
            2,
            20,
            329499
        ],
        [
            42,
            -7,
            3,
            10,
            165532
        ],
        [
            43,
            -6,
            -1,
            10,
            165783
        ],
        [
            44,
            -7,
            -2,
            20,
            329494
        ],
        [
            45,
            -7,
            -3,
            10,
            165525
        ],
        [
            46,
            -2,
            -5,
            10,
            166291
        ],
        [
            47,
            2,
            -5,
            10,
            166803
        ],
        [
            48,
            -4,
            -5,
            10,
            166035
        ],
        [
            49,
            -5,
            -5,
            20,
            329619
        ],
        [
            50,
            -7,
            -5,
            10,
            165651
        ],
        [
            51,
            -2,
            -6,
            10,
            166290
        ],
        [
            52,
            -1,
            -7,
            20,
            330257
        ],
        [
            53,
            0,
            -8,
            10,
            166416
        ],
        [
            54,
            3,
            -4,
            10,
            166932
        ],
        [
            55,
            5,
            0,
            10,
            167192
        ],
        [
            56,
            2,
            -6,
            10,
            166802
        ],
        [
            57,
            1,
            -7,
            20,
            330641
        ],
        [
            58,
            0,
            -8,
            10,
            166672
        ],
        [
            59,
            4,
            -5,
            10,
            167059
        ],
        [
            60,
            5,
            -5,
            20,
            331155
        ],
        [
            61,
            7,
            -5,
            10,
            167443
        ],
        [
            62,
            7,
            0,
            40,
            658968
        ],
        [
            63,
            3,
            6,
            40,
            658591
        ],
        [
            64,
            -3,
            6,
            40,
            657695
        ],
        [
            65,
            -7,
            0,
            40,
            657176
        ],
        [
            66,
            -3,
            -6,
            40,
            657682
        ],
        [
            67,
            3,
            -6,
            40,
            658578
        ],
        [
            68,
            10,
            6,
            40,
            659487
        ],
        [
            69,
            0,
            12,
            40,
            658085
        ],
        [
            70,
            -10,
            6,
            40,
            656671
        ],
        [
            71,
            -10,
            -6,
            40,
            656658
        ],
        [
            72,
            0,
            -12,
            40,
            658060
        ],
        [
            73,
            10,
            -6,
            40,
            659474
        ],
        [
            74,
            6,
            0,
            10,
            167449
        ],
        [
            75,
            4,
            5,
            10,
            167070
        ],
        [
            76,
            8,
            -1,
            10,
            167575
        ],
        [
            77,
            9,
            -3,
            20,
            331541
        ],
        [
            78,
            9,
            -4,
            10,
            167828
        ],
        [
            79,
            8,
            1,
            10,
            167578
        ],
        [
            80,
            9,
            3,
            20,
            331548
        ],
        [
            81,
            9,
            4,
            10,
            167837
        ],
        [
            82,
            2,
            6,
            10,
            166943
        ],
        [
            83,
            -2,
            6,
            10,
            166303
        ],
        [
            84,
            5,
            6,
            10,
            167327
        ],
        [
            85,
            7,
            6,
            20,
            331295
        ],
        [
            86,
            9,
            6,
            10,
            167711
        ],
        [
            87,
            2,
            7,
            10,
            166944
        ],
        [
            88,
            1,
            9,
            20,
            330658
        ],
        [
            89,
            0,
            10,
            10,
            166691
        ],
        [
            90,
            -4,
            5,
            10,
            166046
        ],
        [
            91,
            -6,
            0,
            10,
            165657
        ],
        [
            92,
            -2,
            7,
            10,
            166176
        ],
        [
            93,
            -1,
            9,
            20,
            330146
        ],
        [
            94,
            0,
            10,
            10,
            166435
        ],
        [
            95,
            -5,
            6,
            10,
            165919
        ],
        [
            96,
            -7,
            6,
            20,
            329503
        ],
        [
            97,
            -9,
            6,
            10,
            165407
        ],
        [
            98,
            -6,
            0,
            10,
            165655
        ],
        [
            99,
            -4,
            -5,
            10,
            166035
        ],
        [
            100,
            -8,
            1,
            10,
            165530
        ],
        [
            101,
            -9,
            3,
            20,
            329244
        ],
        [
            102,
            -9,
            4,
            10,
            165277
        ],
        [
            103,
            -8,
            -1,
            10,
            165527
        ],
        [
            104,
            -9,
            -3,
            20,
            329237
        ],
        [
            105,
            -9,
            -4,
            10,
            165268
        ],
        [
            106,
            -2,
            -6,
            10,
            166290
        ],
        [
            107,
            2,
            -6,
            10,
            166930
        ],
        [
            108,
            -5,
            -6,
            10,
            165906
        ],
        [
            109,
            -7,
            -6,
            20,
            329490
        ],
        [
            110,
            -9,
            -6,
            10,
            165394
        ],
        [
            111,
            -2,
            -7,
            10,
            166161
        ],
        [
            112,
            -1,
            -9,
            20,
            330127
        ],
        [
            113,
            0,
            -10,
            10,
            166413
        ],
        [
            114,
            4,
            -5,
            10,
            167059
        ],
        [
            115,
            6,
            0,
            10,
            167447
        ],
        [
            116,
            2,
            -7,
            10,
            166929
        ],
        [
            117,
            1,
            -9,
            20,
            330639
        ],
        [
            118,
            0,
            -10,
            10,
            166669
        ],
        [
            119,
            5,
            -6,
            10,
            167314
        ],
        [
            120,
            7,
            -6,
            20,
            331282
        ],
        [
            121,
            9,
            -6,
            10,
            167698
        ],
        [
            122,
            9,
            0,
            40,
            659224
        ],
        [
            123,
            4,
            7,
            40,
            658720
        ],
        [
            124,
            -4,
            7,
            40,
            657568
        ],
        [
            125,
            -9,
            0,
            40,
            656920
        ],
        [
            126,
            -4,
            -7,
            40,
            657553
        ],
        [
            127,
            4,
            -7,
            40,
            658705
        ],
        [
            128,
            13,
            7,
            40,
            659872
        ],
        [
            129,
            0,
            15,
            40,
            658088
        ],
        [
            130,
            -13,
            7,
            40,
            656416
        ],
        [
            131,
            -13,
            -7,
            40,
            656401
        ],
        [
            132,
            0,
            -15,
            40,
            658057
        ],
        [
            133,
            13,
            -7,
            40,
            659857
        ],
        [
            134,
            8,
            1,
            10,
            167578
        ],
        [
            135,
            5,
            6,
            10,
            167199
        ],
        [
            136,
            10,
            -1,
            10,
            167830
        ],
        [
            137,
            11,
            -3,
            20,
            331797
        ],
        [
            138,
            12,
            -5,
            10,
            168211
        ],
        [
            139,
            10,
            1,
            10,
            167834
        ],
        [
            140,
            11,
            3,
            20,
            331804
        ],
        [
            141,
            12,
            5,
            10,
            168222
        ],
        [
            142,
            3,
            7,
            10,
            166944
        ],
        [
            143,
            -3,
            7,
            10,
            166176
        ],
        [
            144,
            6,
            7,
            10,
            167456
        ],
        [
            145,
            9,
            7,
            20,
            331552
        ],
        [
            146,
            11,
            7,
            10,
            167968
        ],
        [
            147,
            3,
            9,
            10,
            167074
        ],
        [
            148,
            2,
            11,
            20,
            330660
        ],
        [
            149,
            1,
            13,
            10,
            166694
        ],
        [
            150,
            -5,
            6,
            10,
            165919
        ],
        [
            151,
            -8,
            1,
            10,
            165530
        ],
        [
            152,
            -3,
            9,
            10,
            166178
        ],
        [
            153,
            -2,
            11,
            20,
            330148
        ],
        [
            154,
            -1,
            13,
            10,
            166438
        ],
        [
            155,
            -6,
            7,
            10,
            165664
        ],
        [
            156,
            -9,
            7,
            20,
            329248
        ],
        [
            157,
            -11,
            7,
            10,
            165152
        ],
        [
            158,
            -8,
            -1,
            10,
            165527
        ],
        [
            159,
            -5,
            -6,
            10,
            165906
        ],
        [
            160,
            -10,
            1,
            10,
            165274
        ],
        [
            161,
            -11,
            3,
            20,
            328988
        ],
        [
            162,
            -12,
            5,
            10,
            165022
        ],
        [
            163,
            -10,
            -1,
            10,
            165270
        ],
        [
            164,
            -11,
            -3,
            20,
            328981
        ],
        [
            165,
            -12,
            -5,
            10,
            165011
        ],
        [
            166,
            -3,
            -7,
            10,
            166161
        ],
        [
            167,
            3,
            -7,
            10,
            166929
        ],
        [
            168,
            -6,
            -7,
            10,
            165649
        ],
        [
            169,
            -9,
            -7,
            20,
            329233
        ],
        [
            170,
            -11,
            -7,
            10,
            165137
        ],
        [
            171,
            -3,
            -9,
            10,
            166159
        ],
        [
            172,
            -2,
            -11,
            20,
            330125
        ],
        [
            173,
            -1,
            -13,
            10,
            166411
        ],
        [
            174,
            5,
            -6,
            10,
            167186
        ],
        [
            175,
            8,
            -1,
            10,
            167575
        ],
        [
            176,
            3,
            -9,
            10,
            167055
        ],
        [
            177,
            2,
            -11,
            20,
            330637
        ],
        [
            178,
            1,
            -13,
            10,
            166667
        ],
        [
            179,
            6,
            -7,
            10,
            167441
        ],
        [
            180,
            9,
            -7,
            20,
            331537
        ],
        [
            181,
            11,
            -7,
            10,
            167953
        ],
        [
            182,
            11,
            0,
            40,
            659480
        ],
        [
            183,
            5,
            9,
            40,
            658850
        ],
        [
            184,
            -5,
            9,
            40,
            657442
        ],
        [
            185,
            -11,
            0,
            40,
            656664
        ],
        [
            186,
            -5,
            -9,
            40,
            657423
        ],
        [
            187,
            5,
            -9,
            40,
            658831
        ],
        [
            188,
            16,
            9,
            40,
            660258
        ],
        [
            189,
            0,
            19,
            40,
            658092
        ],
        [
            190,
            -16,
            9,
            40,
            655906
        ],
        [
            191,
            -16,
            -9,
            40,
            655887
        ],
        [
            192,
            0,
            -19,
            40,
            658053
        ],
        [
            193,
            16,
            -9,
            40,
            660239
        ],
        [
            194,
            10,
            1,
            10,
            167962
        ],
        [
            195,
            6,
            8,
            10,
            167457
        ],
        [
            196,
            12,
            -2,
            10,
            168214
        ],
        [
            197,
            14,
            -4,
            20,
            332180
        ],
        [
            198,
            15,
            -7,
            10,
            168593
        ],
        [
            199,
            12,
            2,
            10,
            168219
        ],
        [
            200,
            14,
            4,
            20,
            332189
        ],
        [
            201,
            15,
            7,
            10,
            168608
        ],
        [
            202,
            3,
            9,
            10,
            167074
        ],
        [
            203,
            -3,
            9,
            10,
            166050
        ],
        [
            204,
            8,
            9,
            10,
            167714
        ],
        [
            205,
            11,
            9,
            20,
            331810
        ],
        [
            206,
            14,
            9,
            10,
            168354
        ],
        [
            207,
            4,
            12,
            10,
            167077
        ],
        [
            208,
            2,
            14,
            20,
            330791
        ],
        [
            209,
            1,
            17,
            10,
            166826
        ],
        [
            210,
            -6,
            8,
            10,
            165793
        ],
        [
            211,
            -10,
            1,
            10,
            165274
        ],
        [
            212,
            -4,
            12,
            10,
            166053
        ],
        [
            213,
            -2,
            14,
            20,
            330023
        ],
        [
            214,
            -1,
            17,
            10,
            166442
        ],
        [
            215,
            -8,
            9,
            10,
            165538
        ],
        [
            216,
            -11,
            9,
            20,
            328994
        ],
        [
            217,
            -14,
            9,
            10,
            164770
        ],
        [
            218,
            -10,
            -1,
            10,
            165271
        ],
        [
            219,
            -6,
            -8,
            10,
            165776
        ],
        [
            220,
            -12,
            2,
            10,
            164891
        ],
        [
            221,
            -14,
            4,
            20,
            328605
        ],
        [
            222,
            -15,
            7,
            10,
            164640
        ],
        [
            223,
            -12,
            -2,
            10,
            164886
        ],
        [
            224,
            -14,
            -4,
            20,
            328596
        ],
        [
            225,
            -15,
            -7,
            10,
            164625
        ],
        [
            226,
            -3,
            -9,
            10,
            166031
        ],
        [
            227,
            3,
            -9,
            10,
            167055
        ],
        [
            228,
            -8,
            -9,
            10,
            165519
        ],
        [
            229,
            -11,
            -9,
            20,
            328975
        ],
        [
            230,
            -14,
            -9,
            10,
            164751
        ],
        [
            231,
            -4,
            -12,
            10,
            166028
        ],
        [
            232,
            -2,
            -14,
            20,
            329994
        ],
        [
            233,
            -1,
            -17,
            10,
            166407
        ],
        [
            234,
            6,
            -8,
            10,
            167440
        ],
        [
            235,
            10,
            -1,
            10,
            167959
        ],
        [
            236,
            4,
            -12,
            10,
            167052
        ],
        [
            237,
            2,
            -14,
            20,
            330762
        ],
        [
            238,
            1,
            -17,
            10,
            166791
        ],
        [
            239,
            8,
            -9,
            10,
            167695
        ],
        [
            240,
            11,
            -9,
            20,
            331791
        ],
        [
            241,
            14,
            -9,
            10,
            168335
        ],
        [
            242,
            14,
            0,
            40,
            659864
        ],
        [
            243,
            7,
            12,
            40,
            658981
        ],
        [
            244,
            -7,
            12,
            40,
            657189
        ],
        [
            245,
            -14,
            0,
            40,
            656280
        ],
        [
            246,
            -7,
            -12,
            40,
            657164
        ],
        [
            247,
            7,
            -12,
            40,
            658956
        ],
        [
            248,
            21,
            12,
            40,
            660773
        ],
        [
            249,
            0,
            24,
            40,
            658097
        ],
        [
            250,
            -21,
            12,
            40,
            655397
        ],
        [
            251,
            -21,
            -12,
            40,
            655372
        ],
        [
            252,
            0,
            -24,
            40,
            658048
        ],
        [
            253,
            21,
            -12,
            40,
            660748
        ],
        [
            254,
            13,
            1,
            10,
            168218
        ],
        [
            255,
            8,
            10,
            10,
            167587
        ],
        [
            256,
            15,
            -3,
            10,
            168597
        ],
        [
            257,
            17,
            -6,
            20,
            332690
        ],
        [
            258,
            19,
            -9,
            10,
            169103
        ],
        [
            259,
            15,
            3,
            10,
            168603
        ],
        [
            260,
            17,
            6,
            20,
            332703
        ],
        [
            261,
            19,
            9,
            10,
            169122
        ],
        [
            262,
            4,
            12,
            10,
            167205
        ],
        [
            263,
            -4,
            12,
            10,
            165925
        ],
        [
            264,
            10,
            12,
            10,
            167973
        ],
        [
            265,
            14,
            12,
            20,
            332197
        ],
        [
            266,
            17,
            12,
            10,
            168869
        ],
        [
            267,
            5,
            15,
            10,
            167208
        ],
        [
            268,
            3,
            18,
            20,
            330923
        ],
        [
            269,
            1,
            21,
            10,
            166830
        ],
        [
            270,
            -8,
            10,
            10,
            165539
        ],
        [
            271,
            -13,
            1,
            10,
            164890
        ],
        [
            272,
            -5,
            15,
            10,
            165928
        ],
        [
            273,
            -3,
            18,
            20,
            330027
        ],
        [
            274,
            -1,
            21,
            10,
            166318
        ],
        [
            275,
            -10,
            12,
            10,
            165285
        ],
        [
            276,
            -14,
            12,
            20,
            328613
        ],
        [
            277,
            -17,
            12,
            10,
            164389
        ],
        [
            278,
            -13,
            -1,
            10,
            164887
        ],
        [
            279,
            -8,
            -10,
            10,
            165518
        ],
        [
            280,
            -15,
            3,
            10,
            164507
        ],
        [
            281,
            -17,
            6,
            20,
            328223
        ],
        [
            282,
            -19,
            9,
            10,
            164130
        ],
        [
            283,
            -15,
            -3,
            10,
            164501
        ],
        [
            284,
            -17,
            -6,
            20,
            328210
        ],
        [
            285,
            -19,
            -9,
            10,
            164111
        ],
        [
            286,
            -4,
            -12,
            10,
            165900
        ],
        [
            287,
            4,
            -12,
            10,
            167180
        ],
        [
            288,
            -10,
            -12,
            10,
            165260
        ],
        [
            289,
            -14,
            -12,
            20,
            328588
        ],
        [
            290,
            -17,
            -12,
            10,
            164364
        ],
        [
            291,
            -5,
            -15,
            10,
            165897
        ],
        [
            292,
            -3,
            -18,
            20,
            329990
        ],
        [
            293,
            -1,
            -21,
            10,
            166275
        ],
        [
            294,
            8,
            -10,
            10,
            167566
        ],
        [
            295,
            13,
            -1,
            10,
            168215
        ],
        [
            296,
            5,
            -15,
            10,
            167177
        ],
        [
            297,
            3,
            -18,
            20,
            330886
        ],
        [
            298,
            1,
            -21,
            10,
            166787
        ],
        [
            299,
            10,
            -12,
            10,
            167948
        ],
        [
            300,
            14,
            -12,
            20,
            332172
        ],
        [
            301,
            17,
            -12,
            10,
            168844
        ]
    ]
}