{
    "Problem": "Golden_14",
    "Set": "Golden et al.",
    "Capacity": 1000,
    "Dimension": 321,
    "Best": 1081.31,
    "Optimal": true,
    "Encoded Bits": 25,
    "X Bits": 7,
    "Y Bits": 7,
    "Demand Bits": 10,
    "Depot Bits": 1,
    "Nodes": [
        [
            1,
            0,
            0,
            0,
            2193
        ],
        [
            2,
            3,
            1,
            300,
            4917778
        ],
        [
            3,
            3,
            3,
            300,
            4917780
        ],
        [
            4,
            1,
            3,
            300,
            4917524
        ],
        [
            5,
            -1,
            3,
            300,
            4917268
        ],
        [
            6,
            -3,
            3,
            300,
            4917012
        ],
        [
            7,
            -3,
            1,
            300,
            4917010
        ],
        [
            8,
            -3,
            -1,
            300,
            4917008
        ],
        [
            9,
            -3,
            -3,
            300,
            4917006
        ],
        [
            10,
            -1,
            -3,
            300,
            4917262
        ],
        [
            11,
            1,
            -3,
            300,
            4917518
        ],
        [
            12,
            3,
            -3,
            300,
            4917774
        ],
        [
            13,
            3,
            -1,
            300,
            4917776
        ],
        [
            14,
            5,
            1,
            180,
            2951954
        ],
        [
            15,
            5,
            3,
            180,
            2951956
        ],
        [
            16,
            5,
            5,
            180,
            2951958
        ],
        [
            17,
            3,
            5,
            180,
            2951702
        ],
        [
            18,
            1,
            5,
            180,
            2951446
        ],
        [
            19,
            -1,
            5,
            180,
            2951190
        ],
        [
            20,
            -3,
            5,
            180,
            2950934
        ],
        [
            21,
            -5,
            5,
            180,
            2950678
        ],
        [
            22,
            -5,
            3,
            180,
            2950676
        ],
        [
            23,
            -5,
            1,
            180,
            2950674
        ],
        [
            24,
            -5,
            -1,
            180,
            2950672
        ],
        [
            25,
            -5,
            -3,
            180,
            2950670
        ],
        [
            26,
            -5,
            -5,
            180,
            2950668
        ],
        [
            27,
            -3,
            -5,
            180,
            2950924
        ],
        [
            28,
            -1,
            -5,
            180,
            2951180
        ],
        [
            29,
            1,
            -5,
            180,
            2951436
        ],
        [
            30,
            3,
            -5,
            180,
            2951692
        ],
        [
            31,
            5,
            -5,
            180,
            2951948
        ],
        [
            32,
            5,
            -3,
            180,
            2951950
        ],
        [
            33,
            5,
            -1,
            180,
            2951952
        ],
        [
            34,
            7,
            1,
            128,
            2100242
        ],
        [
            35,
            7,
            3,
            128,
            2100244
        ],
        [
            36,
            7,
            5,
            128,
            2100246
        ],
        [
            37,
            7,
            7,
            128,
            2100248
        ],
        [
            38,
            5,
            7,
            128,
            2099992
        ],
        [
            39,
            3,
            7,
            128,
            2099736
        ],
        [
            40,
            1,
            7,
            128,
            2099480
        ],
        [
            41,
            -1,
            7,
            128,
            2099224
        ],
        [
            42,
            -3,
            7,
            128,
            2098968
        ],
        [
            43,
            -5,
            7,
            128,
            2098712
        ],
        [
            44,
            -7,
            7,
            128,
            2098456
        ],
        [
            45,
            -7,
            5,
            128,
            2098454
        ],
        [
            46,
            -7,
            3,
            128,
            2098452
        ],
        [
            47,
            -7,
            1,
            128,
            2098450
        ],
        [
            48,
            -7,
            -1,
            128,
            2098448
        ],
        [
            49,
            -7,
            -3,
            128,
            2098446
        ],
        [
            50,
            -7,
            -5,
            128,
            2098444
        ],
        [
            51,
            -7,
            -7,
            128,
            2098442
        ],
        [
            52,
            -5,
            -7,
            128,
            2098698
        ],
        [
            53,
            -3,
            -7,
            128,
            2098954
        ],
        [
            54,
            -1,
            -7,
            128,
            2099210
        ],
        [
            55,
            1,
            -7,
            128,
            2099466
        ],
        [
            56,
            3,
            -7,
            128,
            2099722
        ],
        [
            57,
            5,
            -7,
            128,
            2099978
        ],
        [
            58,
            7,
            -7,
            128,
            2100234
        ],
        [
            59,
            7,
            -5,
            128,
            2100236
        ],
        [
            60,
            7,
            -3,
            128,
            2100238
        ],
        [
            61,
            7,
            -1,
            128,
            2100240
        ],
        [
            62,
            9,
            1,
            100,
            1641746
        ],
        [
            63,
            9,
            3,
            100,
            1641748
        ],
        [
            64,
            9,
            5,
            100,
            1641750
        ],
        [
            65,
            9,
            7,
            100,
            1641752
        ],
        [
            66,
            9,
            9,
            100,
            1641754
        ],
        [
            67,
            7,
            9,
            100,
            1641498
        ],
        [
            68,
            5,
            9,
            100,
            1641242
        ],
        [
            69,
            3,
            9,
            100,
            1640986
        ],
        [
            70,
            1,
            9,
            100,
            1640730
        ],
        [
            71,
            -1,
            9,
            100,
            1640474
        ],
        [
            72,
            -3,
            9,
            100,
            1640218
        ],
        [
            73,
            -5,
            9,
            100,
            1639962
        ],
        [
            74,
            -7,
            9,
            100,
            1639706
        ],
        [
            75,
            -9,
            9,
            100,
            1639450
        ],
        [
            76,
            -9,
            7,
            100,
            1639448
        ],
        [
            77,
            -9,
            5,
            100,
            1639446
        ],
        [
            78,
            -9,
            3,
            100,
            1639444
        ],
        [
            79,
            -9,
            1,
            100,
            1639442
        ],
        [
            80,
            -9,
            -1,
            100,
            1639440
        ],
        [
            81,
            -9,
            -3,
            100,
            1639438
        ],
        [
            82,
            -9,
            -5,
            100,
            1639436
        ],
        [
            83,
            -9,
            -7,
            100,
            1639434
        ],
        [
            84,
            -9,
            -9,
            100,
            1639432
        ],
        [
            85,
            -7,
            -9,
            100,
            1639688
        ],
        [
            86,
            -5,
            -9,
            100,
            1639944
        ],
        [
            87,
            -3,
            -9,
            100,
            1640200
        ],
        [
            88,
            -1,
            -9,
            100,
            1640456
        ],
        [
            89,
            1,
            -9,
            100,
            1640712
        ],
        [
            90,
            3,
            -9,
            100,
            1640968
        ],
        [
            91,
            5,
            -9,
            100,
            1641224
        ],
        [
            92,
            7,
            -9,
            100,
            1641480
        ],
        [
            93,
            9,
            -9,
            100,
            1641736
        ],
        [
            94,
            9,
            -7,
            100,
            1641738
        ],
        [
            95,
            9,
            -5,
            100,
            1641740
        ],
        [
            96,
            9,
            -3,
            100,
            1641742
        ],
        [
            97,
            9,
            -1,
            100,
            1641744
        ],
        [
            98,
            11,
            1,
            81,
            1330706
        ],
        [
            99,
            11,
            3,
            81,
            1330708
        ],
        [
            100,
            11,
            5,
            81,
            1330710
        ],
        [
            101,
            11,
            7,
            81,
            1330712
        ],
        [
            102,
            11,
            9,
            81,
            1330714
        ],
        [
            103,
            11,
            11,
            81,
            1330716
        ],
        [
            104,
            9,
            11,
            81,
            1330460
        ],
        [
            105,
            7,
            11,
            81,
            1330204
        ],
        [
            106,
            5,
            11,
            81,
            1329948
        ],
        [
            107,
            3,
            11,
            81,
            1329692
        ],
        [
            108,
            1,
            11,
            81,
            1329436
        ],
        [
            109,
            -1,
            11,
            81,
            1329180
        ],
        [
            110,
            -3,
            11,
            81,
            1328924
        ],
        [
            111,
            -5,
            11,
            81,
            1328668
        ],
        [
            112,
            -7,
            11,
            81,
            1328412
        ],
        [
            113,
            -9,
            11,
            81,
            1328156
        ],
        [
            114,
            -11,
            11,
            81,
            1327900
        ],
        [
            115,
            -11,
            9,
            81,
            1327898
        ],
        [
            116,
            -11,
            7,
            81,
            1327896
        ],
        [
            117,
            -11,
            5,
            81,
            1327894
        ],
        [
            118,
            -11,
            3,
            81,
            1327892
        ],
        [
            119,
            -11,
            1,
            81,
            1327890
        ],
        [
            120,
            -11,
            -1,
            81,
            1327888
        ],
        [
            121,
            -11,
            -3,
            81,
            1327886
        ],
        [
            122,
            -11,
            -5,
            81,
            1327884
        ],
        [
            123,
            -11,
            -7,
            81,
            1327882
        ],
        [
            124,
            -11,
            -9,
            81,
            1327880
        ],
        [
            125,
            -11,
            -11,
            81,
            1327878
        ],
        [
            126,
            -9,
            -11,
            81,
            1328134
        ],
        [
            127,
            -7,
            -11,
            81,
            1328390
        ],
        [
            128,
            -5,
            -11,
            81,
            1328646
        ],
        [
            129,
            -3,
            -11,
            81,
            1328902
        ],
        [
            130,
            -1,
            -11,
            81,
            1329158
        ],
        [
            131,
            1,
            -11,
            81,
            1329414
        ],
        [
            132,
            3,
            -11,
            81,
            1329670
        ],
        [
            133,
            5,
            -11,
            81,
            1329926
        ],
        [
            134,
            7,
            -11,
            81,
            1330182
        ],
        [
            135,
            9,
            -11,
            81,
            1330438
        ],
        [
            136,
            11,
            -11,
            81,
            1330694
        ],
        [
            137,
            11,
            -9,
            81,
            1330696
        ],
        [
            138,
            11,
            -7,
            81,
            1330698
        ],
        [
            139,
            11,
            -5,
            81,
            1330700
        ],
        [
            140,
            11,
            -3,
            81,
            1330702
        ],
        [
            141,
            11,
            -1,
            81,
            1330704
        ],
        [
            142,
            13,
            1,
            69,
            1134354
        ],
        [
            143,
            13,
            3,
            69,
            1134356
        ],
        [
            144,
            13,
            5,
            69,
            1134358
        ],
        [
            145,
            13,
            7,
            69,
            1134360
        ],
        [
            146,
            13,
            9,
            69,
            1134362
        ],
        [
            147,
            13,
            11,
            69,
            1134364
        ],
        [
            148,
            13,
            13,
            69,
            1134366
        ],
        [
            149,
            11,
            13,
            69,
            1134110
        ],
        [
            150,
            9,
            13,
            69,
            1133854
        ],
        [
            151,
            7,
            13,
            69,
            1133598
        ],
        [
            152,
            5,
            13,
            69,
            1133342
        ],
        [
            153,
            3,
            13,
            69,
            1133086
        ],
        [
            154,
            1,
            13,
            69,
            1132830
        ],
        [
            155,
            -1,
            13,
            69,
            1132574
        ],
        [
            156,
            -3,
            13,
            69,
            1132318
        ],
        [
            157,
            -5,
            13,
            69,
            1132062
        ],
        [
            158,
            -7,
            13,
            69,
            1131806
        ],
        [
            159,
            -9,
            13,
            69,
            1131550
        ],
        [
            160,
            -11,
            13,
            69,
            1131294
        ],
        [
            161,
            -13,
            13,
            69,
            1131038
        ],
        [
            162,
            -13,
            11,
            69,
            1131036
        ],
        [
            163,
            -13,
            9,
            69,
            1131034
        ],
        [
            164,
            -13,
            7,
            69,
            1131032
        ],
        [
            165,
            -13,
            5,
            69,
            1131030
        ],
        [
            166,
            -13,
            3,
            69,
            1131028
        ],
        [
            167,
            -13,
            1,
            69,
            1131026
        ],
        [
            168,
            -13,
            -1,
            69,
            1131024
        ],
        [
            169,
            -13,
            -3,
            69,
            1131022
        ],
        [
            170,
            -13,
            -5,
            69,
            1131020
        ],
        [
            171,
            -13,
            -7,
            69,
            1131018
        ],
        [
            172,
            -13,
            -9,
            69,
            1131016
        ],
        [
            173,
            -13,
            -11,
            69,
            1131014
        ],
        [
            174,
            -13,
            -13,
            69,
            1131012
        ],
        [
            175,
            -11,
            -13,
            69,
            1131268
        ],
        [
            176,
            -9,
            -13,
            69,
            1131524
        ],
        [
            177,
            -7,
            -13,
            69,
            1131780
        ],
        [
            178,
            -5,
            -13,
            69,
            1132036
        ],
        [
            179,
            -3,
            -13,
            69,
            1132292
        ],
        [
            180,
            -1,
            -13,
            69,
            1132548
        ],
        [
            181,
            1,
            -13,
            69,
            1132804
        ],
        [
            182,
            3,
            -13,
            69,
            1133060
        ],
        [
            183,
            5,
            -13,
            69,
            1133316
        ],
        [
            184,
            7,
            -13,
            69,
            1133572
        ],
        [
            185,
            9,
            -13,
            69,
            1133828
        ],
        [
            186,
            11,
            -13,
            69,
            1134084
        ],
        [
            187,
            13,
            -13,
            69,
            1134340
        ],
        [
            188,
            13,
            -11,
            69,
            1134342
        ],
        [
            189,
            13,
            -9,
            69,
            1134344
        ],
        [
            190,
            13,
            -7,
            69,
            1134346
        ],
        [
            191,
            13,
            -5,
            69,
            1134348
        ],
        [
            192,
            13,
            -3,
            69,
            1134350
        ],
        [
            193,
            13,
            -1,
            69,
            1134352
        ],
        [
            194,
            15,
            1,
            60,
            987154
        ],
        [
            195,
            15,
            3,
            60,
            987156
        ],
        [
            196,
            15,
            5,
            60,
            987158
        ],
        [
            197,
            15,
            7,
            60,
            987160
        ],
        [
            198,
            15,
            9,
            60,
            987162
        ],
        [
            199,
            15,
            11,
            60,
            987164
        ],
        [
            200,
            15,
            13,
            60,
            987166
        ],
        [
            201,
            15,
            15,
            60,
            987168
        ],
        [
            202,
            13,
            15,
            60,
            986912
        ],
        [
            203,
            11,
            15,
            60,
            986656
        ],
        [
            204,
            9,
            15,
            60,
            986400
        ],
        [
            205,
            7,
            15,
            60,
            986144
        ],
        [
            206,
            5,
            15,
            60,
            985888
        ],
        [
            207,
            3,
            15,
            60,
            985632
        ],
        [
            208,
            1,
            15,
            60,
            985376
        ],
        [
            209,
            -1,
            15,
            60,
            985120
        ],
        [
            210,
            -3,
            15,
            60,
            984864
        ],
        [
            211,
            -5,
            15,
            60,
            984608
        ],
        [
            212,
            -7,
            15,
            60,
            984352
        ],
        [
            213,
            -9,
            15,
            60,
            984096
        ],
        [
            214,
            -11,
            15,
            60,
            983840
        ],
        [
            215,
            -13,
            15,
            60,
            983584
        ],
        [
            216,
            -15,
            15,
            60,
            983328
        ],
        [
            217,
            -15,
            13,
            60,
            983326
        ],
        [
            218,
            -15,
            11,
            60,
            983324
        ],
        [
            219,
            -15,
            9,
            60,
            983322
        ],
        [
            220,
            -15,
            7,
            60,
            983320
        ],
        [
            221,
            -15,
            5,
            60,
            983318
        ],
        [
            222,
            -15,
            3,
            60,
            983316
        ],
        [
            223,
            -15,
            1,
            60,
            983314
        ],
        [
            224,
            -15,
            -1,
            60,
            983312
        ],
        [
            225,
            -15,
            -3,
            60,
            983310
        ],
        [
            226,
            -15,
            -5,
            60,
            983308
        ],
        [
            227,
            -15,
            -7,
            60,
            983306
        ],
        [
            228,
            -15,
            -9,
            60,
            983304
        ],
        [
            229,
            -15,
            -11,
            60,
            983302
        ],
        [
            230,
            -15,
            -13,
            60,
            983300
        ],
        [
            231,
            -15,
            -15,
            60,
            983298
        ],
        [
            232,
            -13,
            -15,
            60,
            983554
        ],
        [
            233,
            -11,
            -15,
            60,
            983810
        ],
        [
            234,
            -9,
            -15,
            60,
            984066
        ],
        [
            235,
            -7,
            -15,
            60,
            984322
        ],
        [
            236,
            -5,
            -15,
            60,
            984578
        ],
        [
            237,
            -3,
            -15,
            60,
            984834
        ],
        [
            238,
            -1,
            -15,
            60,
            985090
        ],
        [
            239,
            1,
            -15,
            60,
            985346
        ],
        [
            240,
            3,
            -15,
            60,
            985602
        ],
        [
            241,
            5,
            -15,
            60,
            985858
        ],
        [
            242,
            7,
            -15,
            60,
            986114
        ],
        [
            243,
            9,
            -15,
            60,
            986370
        ],
        [
            244,
            11,
            -15,
            60,
            986626
        ],
        [
            245,
            13,
            -15,
            60,
            986882
        ],
        [
            246,
            15,
            -15,
            60,
            987138
        ],
        [
            247,
            15,
            -13,
            60,
            987140
        ],
        [
            248,
            15,
            -11,
            60,
            987142
        ],
        [
            249,
            15,
            -9,
            60,
            987144
        ],
        [
            250,
            15,
            -7,
            60,
            987146
        ],
        [
            251,
            15,
            -5,
            60,
            987148
        ],
        [
            252,
            15,
            -3,
            60,
            987150
        ],
        [
            253,
            15,
            -1,
            60,
            987152
        ],
        [
            254,
            17,
            1,
            52,
            856338
        ],
        [
            255,
            17,
            3,
            52,
            856340
        ],
        [
            256,
            17,
            5,
            52,
            856342
        ],
        [
            257,
            17,
            7,
            52,
            856344
        ],
        [
            258,
            17,
            9,
            52,
            856346
        ],
        [
            259,
            17,
            11,
            52,
            856348
        ],
        [
            260,
            17,
            13,
            52,
            856350
        ],
        [
            261,
            17,
            15,
            52,
            856352
        ],
        [
            262,
            17,
            17,
            52,
            856354
        ],
        [
            263,
            15,
            17,
            52,
            856098
        ],
        [
            264,
            13,
            17,
            52,
            855842
        ],
        [
            265,
            11,
            17,
            52,
            855586
        ],
        [
            266,
            9,
            17,
            52,
            855330
        ],
        [
            267,
            7,
            17,
            52,
            855074
        ],
        [
            268,
            5,
            17,
            52,
            854818
        ],
        [
            269,
            3,
            17,
            52,
            854562
        ],
        [
            270,
            1,
            17,
            52,
            854306
        ],
        [
            271,
            -1,
            17,
            52,
            854050
        ],
        [
            272,
            -3,
            17,
            52,
            853794
        ],
        [
            273,
            -5,
            17,
            52,
            853538
        ],
        [
            274,
            -7,
            17,
            52,
            853282
        ],
        [
            275,
            -9,
            17,
            52,
            853026
        ],
        [
            276,
            -11,
            17,
            52,
            852770
        ],
        [
            277,
            -13,
            17,
            52,
            852514
        ],
        [
            278,
            -15,
            17,
            52,
            852258
        ],
        [
            279,
            -17,
            17,
            52,
            852002
        ],
        [
            280,
            -17,
            15,
            52,
            852000
        ],
        [
            281,
            -17,
            13,
            52,
            851998
        ],
        [
            282,
            -17,
            11,
            52,
            851996
        ],
        [
            283,
            -17,
            9,
            52,
            851994
        ],
        [
            284,
            -17,
            7,
            52,
            851992
        ],
        [
            285,
            -17,
            5,
            52,
            851990
        ],
        [
            286,
            -17,
            3,
            52,
            851988
        ],
        [
            287,
            -17,
            1,
            52,
            851986
        ],
        [
            288,
            -17,
            -1,
            52,
            851984
        ],
        [
            289,
            -17,
            -3,
            52,
            851982
        ],
        [
            290,
            -17,
            -5,
            52,
            851980
        ],
        [
            291,
            -17,
            -7,
            52,
            851978
        ],
        [
            292,
            -17,
            -9,
            52,
            851976
        ],
        [
            293,
            -17,
            -11,
            52,
            851974
        ],
        [
            294,
            -17,
            -13,
            52,
            851972
        ],
        [
            295,
            -17,
            -15,
            52,
            851970
        ],
        [
            296,
            -17,
            -17,
            52,
            851968
        ],
        [
            297,
            -15,
            -17,
            52,
            852224
        ],
        [
            298,
            -13,
            -17,
            52,
            852480
        ],
        [
            299,
            -11,
            -17,
            52,
            852736
        ],
        [
            300,
            -9,
            -17,
            52,
            852992
        ],
        [
            301,
            -7,
            -17,
            52,
            853248
        ],
        [
            302,
            -5,
            -17,
            52,
            853504
        ],
        [
            303,
            -3,
            -17,
            52,
            853760
        ],
        [
            304,
            -1,
            -17,
            52,
            854016
        ],
        [
            305,
            1,
            -17,
            52,
            854272
        ],
        [
            306,
            3,
            -17,
            52,
            854528
        ],
        [
            307,
            5,
            -17,
            52,
            854784
        ],
        [
            308,
            7,
            -17,
            52,
            855040
        ],
        [
            309,
            9,
            -17,
            52,
            855296
        ],
        [
            310,
            11,
            -17,
            52,
            855552
        ],
        [
            311,
            13,
            -17,
            52,
            855808
        ],
        [
            312,
            15,
            -17,
            52,
            856064
        ],
        [
            313,
            17,
            -17,
            52,
            856320
        ],
        [
            314,
            17,
            -15,
            52,
            856322
        ],
        [
            315,
            17,
            -13,
            52,
            856324
        ],
        [
            316,
            17,
            -11,
            52,
            856326
        ],
        [
            317,
            17,
            -9,
            52,
            856328
        ],
        [
            318,
            17,
            -7,
            52,
            856330
        ],
        [
            319,
            17,
            -5,
            52,
            856332
        ],
        [
            320,
            17,
            -3,
            52,
            856334
        ],
        [
            321,
            17,
            -1,
            52,
            856336
        ]
    ]
}