{
    "Problem": "Golden_9",
    "Set": "Golden et al.",
    "Capacity": 1000,
    "Dimension": 256,
    "Best": 585.43,
    "Optimal": false,
    "Encoded Bits": 23,
    "X Bits": 6,
    "Y Bits": 6,
    "Demand Bits": 10,
    "Index Bits": 9,
    "Depot Bits": 1,
    "Nodes": [
        [
            0,
            -1,
            -14,
            300,
            1229697
        ],
        [
            1,
            1,
            -14,
            300,
            5424129
        ],
        [
            2,
            -2,
            -13,
            180,
            9126722
        ],
        [
            3,
            0,
            -13,
            300,
            13812674
        ],
        [
            4,
            2,
            -13,
            180,
            17515586
        ],
        [
            5,
            -3,
            -12,
            128,
            21496579
        ],
        [
            6,
            -1,
            -12,
            180,
            25904003
        ],
        [
            7,
            1,
            -12,
            180,
            30098435
        ],
        [
            8,
            3,
            -12,
            128,
            34079875
        ],
        [
            9,
            -4,
            -11,
            100,
            38159044
        ],
        [
            10,
            -2,
            -11,
            128,
            42468164
        ],
        [
            11,
            0,
            -11,
            180,
            46875588
        ],
        [
            12,
            2,
            -11,
            128,
            50857028
        ],
        [
            13,
            4,
            -11,
            100,
            54936772
        ],
        [
            14,
            -5,
            -10,
            81,
            59052677
        ],
        [
            15,
            -3,
            -10,
            100,
            63324933
        ],
        [
            16,
            -1,
            -10,
            128,
            67634053
        ],
        [
            17,
            1,
            -10,
            128,
            71828485
        ],
        [
            18,
            3,
            -10,
            100,
            75908229
        ],
        [
            19,
            5,
            -10,
            81,
            80024837
        ],
        [
            20,
            -6,
            -9,
            69,
            84169286
        ],
        [
            21,
            -4,
            -9,
            81,
            88412870
        ],
        [
            22,
            -2,
            -9,
            100,
            92685126
        ],
        [
            23,
            0,
            -9,
            128,
            96994246
        ],
        [
            24,
            2,
            -9,
            100,
            101073990
        ],
        [
            25,
            4,
            -9,
            81,
            105190598
        ],
        [
            26,
            6,
            -9,
            69,
            109335878
        ],
        [
            27,
            -7,
            -8,
            60,
            113492487
        ],
        [
            28,
            -5,
            -8,
            69,
            117723783
        ],
        [
            29,
            -3,
            -8,
            81,
            121967367
        ],
        [
            30,
            -1,
            -8,
            100,
            126239623
        ],
        [
            31,
            1,
            -8,
            100,
            130434055
        ],
        [
            32,
            3,
            -8,
            81,
            134550663
        ],
        [
            33,
            5,
            -8,
            69,
            138695943
        ],
        [
            34,
            7,
            -8,
            60,
            142853511
        ],
        [
            35,
            -8,
            -7,
            52,
            147014088
        ],
        [
            36,
            -6,
            -7,
            60,
            151241288
        ],
        [
            37,
            -4,
            -7,
            69,
            155472584
        ],
        [
            38,
            -2,
            -7,
            81,
            159716168
        ],
        [
            39,
            0,
            -7,
            100,
            163988424
        ],
        [
            40,
            2,
            -7,
            81,
            168105032
        ],
        [
            41,
            4,
            -7,
            69,
            172250312
        ],
        [
            42,
            6,
            -7,
            60,
            176407880
        ],
        [
            43,
            8,
            -7,
            52,
            180569544
        ],
        [
            44,
            -9,
            -6,
            47,
            184742281
        ],
        [
            45,
            -7,
            -6,
            52,
            188957193
        ],
        [
            46,
            -5,
            -6,
            60,
            193184393
        ],
        [
            47,
            -3,
            -6,
            69,
            197415689
        ],
        [
            48,
            -1,
            -6,
            81,
            201659273
        ],
        [
            49,
            1,
            -6,
            81,
            205853705
        ],
        [
            50,
            3,
            -6,
            69,
            209998985
        ],
        [
            51,
            5,
            -6,
            60,
            214156553
        ],
        [
            52,
            7,
            -6,
            52,
            218318217
        ],
        [
            53,
            9,
            -6,
            47,
            222492169
        ],
        [
            54,
            -10,
            -5,
            42,
            226664778
        ],
        [
            55,
            -8,
            -5,
            47,
            230879690
        ],
        [
            56,
            -6,
            -5,
            52,
            235094602
        ],
        [
            57,
            -4,
            -5,
            60,
            239321802
        ],
        [
            58,
            -2,
            -5,
            69,
            243553098
        ],
        [
            59,
            0,
            -5,
            81,
            247796682
        ],
        [
            60,
            2,
            -5,
            69,
            251941962
        ],
        [
            61,
            4,
            -5,
            60,
            256099530
        ],
        [
            62,
            6,
            -5,
            52,
            260261194
        ],
        [
            63,
            8,
            -5,
            47,
            264435146
        ],
        [
            64,
            10,
            -5,
            42,
            268609098
        ],
        [
            65,
            -11,
            -4,
            39,
            272789771
        ],
        [
            66,
            -9,
            -4,
            42,
            276996491
        ],
        [
            67,
            -7,
            -4,
            47,
            281211403
        ],
        [
            68,
            -5,
            -4,
            52,
            285426315
        ],
        [
            69,
            -3,
            -4,
            60,
            289653515
        ],
        [
            70,
            -1,
            -4,
            69,
            293884811
        ],
        [
            71,
            1,
            -4,
            69,
            298079243
        ],
        [
            72,
            3,
            -4,
            60,
            302236811
        ],
        [
            73,
            5,
            -4,
            52,
            306398475
        ],
        [
            74,
            7,
            -4,
            47,
            310572427
        ],
        [
            75,
            9,
            -4,
            42,
            314746379
        ],
        [
            76,
            11,
            -4,
            39,
            318928523
        ],
        [
            77,
            -12,
            -3,
            36,
            323109068
        ],
        [
            78,
            -10,
            -3,
            39,
            327315788
        ],
        [
            79,
            -8,
            -3,
            42,
            331522508
        ],
        [
            80,
            -6,
            -3,
            47,
            335737420
        ],
        [
            81,
            -4,
            -3,
            52,
            339952332
        ],
        [
            82,
            -2,
            -3,
            60,
            344179532
        ],
        [
            83,
            0,
            -3,
            69,
            348410828
        ],
        [
            84,
            2,
            -3,
            60,
            352568396
        ],
        [
            85,
            4,
            -3,
            52,
            356730060
        ],
        [
            86,
            6,
            -3,
            47,
            360904012
        ],
        [
            87,
            8,
            -3,
            42,
            365077964
        ],
        [
            88,
            10,
            -3,
            39,
            369260108
        ],
        [
            89,
            12,
            -3,
            36,
            373442252
        ],
        [
            90,
            -13,
            -2,
            33,
            377622669
        ],
        [
            91,
            -11,
            -2,
            36,
            381829389
        ],
        [
            92,
            -9,
            -2,
            39,
            386036109
        ],
        [
            93,
            -7,
            -2,
            42,
            390242829
        ],
        [
            94,
            -5,
            -2,
            47,
            394457741
        ],
        [
            95,
            -3,
            -2,
            52,
            398672653
        ],
        [
            96,
            -1,
            -2,
            60,
            402899853
        ],
        [
            97,
            1,
            -2,
            60,
            407094285
        ],
        [
            98,
            3,
            -2,
            52,
            411255949
        ],
        [
            99,
            5,
            -2,
            47,
            415429901
        ],
        [
            100,
            7,
            -2,
            42,
            419603853
        ],
        [
            101,
            9,
            -2,
            39,
            423785997
        ],
        [
            102,
            11,
            -2,
            36,
            427968141
        ],
        [
            103,
            13,
            -2,
            33,
            432150285
        ],
        [
            104,
            -14,
            -1,
            31,
            436334670
        ],
        [
            105,
            -12,
            -1,
            33,
            440537294
        ],
        [
            106,
            -10,
            -1,
            36,
            444744014
        ],
        [
            107,
            -8,
            -1,
            39,
            448950734
        ],
        [
            108,
            -6,
            -1,
            42,
            453157454
        ],
        [
            109,
            -4,
            -1,
            47,
            457372366
        ],
        [
            110,
            -2,
            -1,
            52,
            461587278
        ],
        [
            111,
            0,
            -1,
            60,
            465814478
        ],
        [
            112,
            2,
            -1,
            52,
            469976142
        ],
        [
            113,
            4,
            -1,
            47,
            474150094
        ],
        [
            114,
            6,
            -1,
            42,
            478324046
        ],
        [
            115,
            8,
            -1,
            39,
            482506190
        ],
        [
            116,
            10,
            -1,
            36,
            486688334
        ],
        [
            117,
            12,
            -1,
            33,
            490870478
        ],
        [
            118,
            14,
            -1,
            31,
            495056718
        ],
        [
            119,
            -15,
            0,
            29,
            499240975
        ],
        [
            120,
            -13,
            0,
            31,
            503443599
        ],
        [
            121,
            -11,
            0,
            33,
            507646223
        ],
        [
            122,
            -9,
            0,
            36,
            511852943
        ],
        [
            123,
            -7,
            0,
            39,
            516059663
        ],
        [
            124,
            -5,
            0,
            42,
            520266383
        ],
        [
            125,
            -3,
            0,
            47,
            524481295
        ],
        [
            126,
            -1,
            0,
            52,
            528696207
        ],
        [
            127,
            1,
            0,
            52,
            532890639
        ],
        [
            128,
            3,
            0,
            47,
            537064591
        ],
        [
            129,
            5,
            0,
            42,
            541238543
        ],
        [
            130,
            7,
            0,
            39,
            545420687
        ],
        [
            131,
            9,
            0,
            36,
            549602831
        ],
        [
            132,
            11,
            0,
            33,
            553784975
        ],
        [
            133,
            13,
            0,
            31,
            557971215
        ],
        [
            134,
            15,
            0,
            29,
            562157455
        ],
        [
            135,
            -14,
            1,
            29,
            566349904
        ],
        [
            136,
            -12,
            1,
            31,
            570552528
        ],
        [
            137,
            -10,
            1,
            33,
            574755152
        ],
        [
            138,
            -8,
            1,
            36,
            578961872
        ],
        [
            139,
            -6,
            1,
            39,
            583168592
        ],
        [
            140,
            -4,
            1,
            42,
            587375312
        ],
        [
            141,
            -2,
            1,
            47,
            591590224
        ],
        [
            142,
            0,
            1,
            52,
            595805136
        ],
        [
            143,
            2,
            1,
            47,
            599979088
        ],
        [
            144,
            4,
            1,
            42,
            604153040
        ],
        [
            145,
            6,
            1,
            39,
            608335184
        ],
        [
            146,
            8,
            1,
            36,
            612517328
        ],
        [
            147,
            10,
            1,
            33,
            616699472
        ],
        [
            148,
            12,
            1,
            31,
            620885712
        ],
        [
            149,
            14,
            1,
            29,
            625071952
        ],
        [
            150,
            -13,
            2,
            29,
            629264529
        ],
        [
            151,
            -11,
            2,
            31,
            633467153
        ],
        [
            152,
            -9,
            2,
            33,
            637669777
        ],
        [
            153,
            -7,
            2,
            36,
            641876497
        ],
        [
            154,
            -5,
            2,
            39,
            646083217
        ],
        [
            155,
            -3,
            2,
            42,
            650289937
        ],
        [
            156,
            -1,
            2,
            47,
            654504849
        ],
        [
            157,
            1,
            2,
            47,
            658699281
        ],
        [
            158,
            3,
            2,
            42,
            662873233
        ],
        [
            159,
            5,
            2,
            39,
            667055377
        ],
        [
            160,
            7,
            2,
            36,
            671237521
        ],
        [
            161,
            9,
            2,
            33,
            675419665
        ],
        [
            162,
            11,
            2,
            31,
            679605905
        ],
        [
            163,
            13,
            2,
            29,
            683792145
        ],
        [
            164,
            -12,
            3,
            29,
            687984850
        ],
        [
            165,
            -10,
            3,
            31,
            692187474
        ],
        [
            166,
            -8,
            3,
            33,
            696390098
        ],
        [
            167,
            -6,
            3,
            36,
            700596818
        ],
        [
            168,
            -4,
            3,
            39,
            704803538
        ],
        [
            169,
            -2,
            3,
            42,
            709010258
        ],
        [
            170,
            0,
            3,
            47,
            713225170
        ],
        [
            171,
            2,
            3,
            42,
            717399122
        ],
        [
            172,
            4,
            3,
            39,
            721581266
        ],
        [
            173,
            6,
            3,
            36,
            725763410
        ],
        [
            174,
            8,
            3,
            33,
            729945554
        ],
        [
            175,
            10,
            3,
            31,
            734131794
        ],
        [
            176,
            12,
            3,
            29,
            738318034
        ],
        [
            177,
            -11,
            4,
            29,
            742510867
        ],
        [
            178,
            -9,
            4,
            31,
            746713491
        ],
        [
            179,
            -7,
            4,
            33,
            750916115
        ],
        [
            180,
            -5,
            4,
            36,
            755122835
        ],
        [
            181,
            -3,
            4,
            39,
            759329555
        ],
        [
            182,
            -1,
            4,
            42,
            763536275
        ],
        [
            183,
            1,
            4,
            42,
            767730707
        ],
        [
            184,
            3,
            4,
            39,
            771912851
        ],
        [
            185,
            5,
            4,
            36,
            776094995
        ],
        [
            186,
            7,
            4,
            33,
            780277139
        ],
        [
            187,
            9,
            4,
            31,
            784463379
        ],
        [
            188,
            11,
            4,
            29,
            788649619
        ],
        [
            189,
            -10,
            5,
            29,
            792842580
        ],
        [
            190,
            -8,
            5,
            31,
            797045204
        ],
        [
            191,
            -6,
            5,
            33,
            801247828
        ],
        [
            192,
            -4,
            5,
            36,
            805454548
        ],
        [
            193,
            -2,
            5,
            39,
            809661268
        ],
        [
            194,
            0,
            5,
            42,
            813867988
        ],
        [
            195,
            2,
            5,
            39,
            818050132
        ],
        [
            196,
            4,
            5,
            36,
            822232276
        ],
        [
            197,
            6,
            5,
            33,
            826414420
        ],
        [
            198,
            8,
            5,
            31,
            830600660
        ],
        [
            199,
            10,
            5,
            29,
            834786900
        ],
        [
            200,
            -9,
            6,
            29,
            838979989
        ],
        [
            201,
            -7,
            6,
            31,
            843182613
        ],
        [
            202,
            -5,
            6,
            33,
            847385237
        ],
        [
            203,
            -3,
            6,
            36,
            851591957
        ],
        [
            204,
            -1,
            6,
            39,
            855798677
        ],
        [
            205,
            1,
            6,
            39,
            859993109
        ],
        [
            206,
            3,
            6,
            36,
            864175253
        ],
        [
            207,
            5,
            6,
            33,
            868357397
        ],
        [
            208,
            7,
            6,
            31,
            872543637
        ],
        [
            209,
            9,
            6,
            29,
            876729877
        ],
        [
            210,
            -8,
            7,
            29,
            880923094
        ],
        [
            211,
            -6,
            7,
            31,
            885125718
        ],
        [
            212,
            -4,
            7,
            33,
            889328342
        ],
        [
            213,
            -2,
            7,
            36,
            893535062
        ],
        [
            214,
            0,
            7,
            39,
            897741782
        ],
        [
            215,
            2,
            7,
            36,
            901923926
        ],
        [
            216,
            4,
            7,
            33,
            906106070
        ],
        [
            217,
            6,
            7,
            31,
            910292310
        ],
        [
            218,
            8,
            7,
            29,
            914478550
        ],
        [
            219,
            -7,
            8,
            29,
            918671895
        ],
        [
            220,
            -5,
            8,
            31,
            922874519
        ],
        [
            221,
            -3,
            8,
            33,
            927077143
        ],
        [
            222,
            -1,
            8,
            36,
            931283863
        ],
        [
            223,
            1,
            8,
            36,
            935478295
        ],
        [
            224,
            3,
            8,
            33,
            939660439
        ],
        [
            225,
            5,
            8,
            31,
            943846679
        ],
        [
            226,
            7,
            8,
            29,
            948032919
        ],
        [
            227,
            -6,
            9,
            29,
            952226392
        ],
        [
            228,
            -4,
            9,
            31,
            956429016
        ],
        [
            229,
            -2,
            9,
            33,
            960631640
        ],
        [
            230,
            0,
            9,
            36,
            964838360
        ],
        [
            231,
            2,
            9,
            33,
            969020504
        ],
        [
            232,
            4,
            9,
            31,
            973206744
        ],
        [
            233,
            6,
            9,
            29,
            977392984
        ],
        [
            234,
            -5,
            10,
            29,
            981586585
        ],
        [
            235,
            -3,
            10,
            31,
            985789209
        ],
        [
            236,
            -1,
            10,
            33,
            989991833
        ],
        [
            237,
            1,
            10,
            33,
            994186265
        ],
        [
            238,
            3,
            10,
            31,
            998372505
        ],
        [
            239,
            5,
            10,
            29,
            1002558745
        ],
        [
            240,
            -4,
            11,
            29,
            1006752474
        ],
        [
            241,
            -2,
            11,
            31,
            1010955098
        ],
        [
            242,
            0,
            11,
            33,
            1015157722
        ],
        [
            243,
            2,
            11,
            31,
            1019343962
        ],
        [
            244,
            4,
            11,
            29,
            1023530202
        ],
        [
            245,
            -3,
            12,
            29,
            1027724059
        ],
        [
            246,
            -1,
            12,
            31,
            1031926683
        ],
        [
            247,
            1,
            12,
            31,
            1036121115
        ],
        [
            248,
            3,
            12,
            29,
            1040307355
        ],
        [
            249,
            -2,
            13,
            29,
            1044501340
        ],
        [
            250,
            0,
            13,
            31,
            1048703964
        ],
        [
            251,
            2,
            13,
            29,
            1052890204
        ],
        [
            252,
            -1,
            14,
            29,
            1057084317
        ],
        [
            253,
            1,
            14,
            29,
            1061278749
        ],
        [
            254,
            0,
            15,
            0,
            1065354206
        ],
        [
            255,
            0,
            -15,
            29,
            1069667264
        ]
    ]
}