{
    "Problem": "Golden_5",
    "Set": "Golden et al.",
    "Capacity": 900,
    "Dimension": 201,
    "Best": 6460.98,
    "Optimal": false,
    "Encoded Bits": 29,
    "X Bits": 11,
    "Y Bits": 11,
    "Demand Bits": 6,
    "Depot Bits": 1,
    "Nodes": [
        [
            1,
            0,
            0,
            0,
            614700
        ],
        [
            2,
            30,
            0,
            10,
            42619180
        ],
        [
            3,
            28,
            9,
            30,
            126503221
        ],
        [
            4,
            24,
            17,
            30,
            126492990
        ],
        [
            5,
            17,
            24,
            10,
            42594628
        ],
        [
            6,
            9,
            28,
            10,
            42576201
        ],
        [
            7,
            0,
            30,
            30,
            126443850
        ],
        [
            8,
            -9,
            28,
            30,
            126425417
        ],
        [
            9,
            -17,
            24,
            10,
            42520900
        ],
        [
            10,
            -24,
            17,
            10,
            42508606
        ],
        [
            11,
            -28,
            9,
            30,
            126384437
        ],
        [
            12,
            -30,
            0,
            30,
            126382380
        ],
        [
            13,
            -28,
            -9,
            10,
            42498339
        ],
        [
            14,
            -24,
            -17,
            10,
            42508570
        ],
        [
            15,
            -17,
            -24,
            30,
            126406932
        ],
        [
            16,
            -9,
            -28,
            30,
            126425359
        ],
        [
            17,
            0,
            -30,
            10,
            42557710
        ],
        [
            18,
            9,
            -28,
            10,
            42576143
        ],
        [
            19,
            17,
            -24,
            30,
            126480660
        ],
        [
            20,
            24,
            -17,
            30,
            126492954
        ],
        [
            21,
            28,
            -9,
            10,
            42617123
        ],
        [
            22,
            60,
            0,
            10,
            42680620
        ],
        [
            23,
            57,
            18,
            30,
            126560575
        ],
        [
            24,
            48,
            35,
            30,
            126544207
        ],
        [
            25,
            35,
            48,
            10,
            42629469
        ],
        [
            26,
            18,
            57,
            10,
            42596709
        ],
        [
            27,
            0,
            60,
            30,
            126443880
        ],
        [
            28,
            -18,
            57,
            30,
            126404965
        ],
        [
            29,
            -35,
            48,
            10,
            42486109
        ],
        [
            30,
            -48,
            35,
            10,
            42457423
        ],
        [
            31,
            -57,
            18,
            30,
            126327103
        ],
        [
            32,
            -60,
            0,
            30,
            126320940
        ],
        [
            33,
            -57,
            -18,
            10,
            42440985
        ],
        [
            34,
            -48,
            -35,
            10,
            42457353
        ],
        [
            35,
            -35,
            -48,
            30,
            126372091
        ],
        [
            36,
            -18,
            -57,
            30,
            126404851
        ],
        [
            37,
            0,
            -60,
            10,
            42557680
        ],
        [
            38,
            18,
            -57,
            10,
            42596595
        ],
        [
            39,
            35,
            -48,
            30,
            126515451
        ],
        [
            40,
            48,
            -35,
            30,
            126544137
        ],
        [
            41,
            57,
            -18,
            10,
            42674457
        ],
        [
            42,
            90,
            0,
            10,
            42742060
        ],
        [
            43,
            85,
            27,
            30,
            126619976
        ],
        [
            44,
            72,
            52,
            30,
            126593377
        ],
        [
            45,
            52,
            72,
            10,
            42666357
        ],
        [
            46,
            27,
            85,
            10,
            42615170
        ],
        [
            47,
            0,
            90,
            30,
            126443910
        ],
        [
            48,
            -27,
            85,
            30,
            126386562
        ],
        [
            49,
            -52,
            72,
            10,
            42449269
        ],
        [
            50,
            -72,
            52,
            10,
            42408289
        ],
        [
            51,
            -85,
            27,
            30,
            126267720
        ],
        [
            52,
            -90,
            0,
            30,
            126259500
        ],
        [
            53,
            -85,
            -27,
            10,
            42381584
        ],
        [
            54,
            -72,
            -52,
            10,
            42408183
        ],
        [
            55,
            -52,
            -72,
            30,
            126335203
        ],
        [
            56,
            -27,
            -85,
            30,
            126386390
        ],
        [
            57,
            0,
            -90,
            10,
            42557650
        ],
        [
            58,
            27,
            -85,
            10,
            42614998
        ],
        [
            59,
            52,
            -72,
            30,
            126552291
        ],
        [
            60,
            72,
            -52,
            30,
            126593271
        ],
        [
            61,
            85,
            -27,
            10,
            42733840
        ],
        [
            62,
            120,
            0,
            10,
            42803500
        ],
        [
            63,
            114,
            37,
            30,
            126677329
        ],
        [
            64,
            97,
            70,
            30,
            126642547
        ],
        [
            65,
            70,
            97,
            10,
            42703245
        ],
        [
            66,
            37,
            114,
            10,
            42633630
        ],
        [
            67,
            0,
            120,
            30,
            126443940
        ],
        [
            68,
            -37,
            114,
            30,
            126368158
        ],
        [
            69,
            -70,
            97,
            10,
            42412429
        ],
        [
            70,
            -97,
            70,
            10,
            42359155
        ],
        [
            71,
            -114,
            37,
            30,
            126210385
        ],
        [
            72,
            -120,
            0,
            30,
            126198060
        ],
        [
            73,
            -114,
            -37,
            10,
            42324231
        ],
        [
            74,
            -97,
            -70,
            10,
            42359013
        ],
        [
            75,
            -70,
            -97,
            30,
            126298315
        ],
        [
            76,
            -37,
            -114,
            30,
            126367930
        ],
        [
            77,
            0,
            -120,
            10,
            42557620
        ],
        [
            78,
            37,
            -114,
            10,
            42633402
        ],
        [
            79,
            70,
            -97,
            30,
            126589131
        ],
        [
            80,
            97,
            -70,
            30,
            126642405
        ],
        [
            81,
            114,
            -37,
            10,
            42791175
        ],
        [
            82,
            150,
            0,
            10,
            42864940
        ],
        [
            83,
            142,
            46,
            30,
            126736730
        ],
        [
            84,
            121,
            88,
            30,
            126691716
        ],
        [
            85,
            88,
            121,
            10,
            42738085
        ],
        [
            86,
            46,
            142,
            10,
            42652091
        ],
        [
            87,
            0,
            150,
            30,
            126443970
        ],
        [
            88,
            -46,
            142,
            30,
            126349755
        ],
        [
            89,
            -88,
            121,
            10,
            42377637
        ],
        [
            90,
            -121,
            88,
            10,
            42310020
        ],
        [
            91,
            -142,
            46,
            30,
            126151002
        ],
        [
            92,
            -150,
            0,
            30,
            126136620
        ],
        [
            93,
            -142,
            -46,
            10,
            42264830
        ],
        [
            94,
            -121,
            -88,
            10,
            42309844
        ],
        [
            95,
            -88,
            -121,
            30,
            126263475
        ],
        [
            96,
            -46,
            -142,
            30,
            126349469
        ],
        [
            97,
            0,
            -150,
            10,
            42557590
        ],
        [
            98,
            46,
            -142,
            10,
            42651805
        ],
        [
            99,
            88,
            -121,
            30,
            126623923
        ],
        [
            100,
            121,
            -88,
            30,
            126691540
        ],
        [
            101,
            142,
            -46,
            10,
            42850558
        ],
        [
            102,
            180,
            0,
            10,
            42926380
        ],
        [
            103,
            171,
            55,
            30,
            126794084
        ],
        [
            104,
            145,
            105,
            30,
            126742934
        ],
        [
            105,
            105,
            145,
            10,
            42774974
        ],
        [
            106,
            55,
            171,
            10,
            42672599
        ],
        [
            107,
            0,
            180,
            30,
            126444000
        ],
        [
            108,
            -55,
            171,
            30,
            126329303
        ],
        [
            109,
            -105,
            145,
            10,
            42340798
        ],
        [
            110,
            -145,
            105,
            10,
            42258838
        ],
        [
            111,
            -171,
            55,
            30,
            126093668
        ],
        [
            112,
            -180,
            0,
            30,
            126075180
        ],
        [
            113,
            -171,
            -55,
            10,
            42207476
        ],
        [
            114,
            -145,
            -105,
            10,
            42258626
        ],
        [
            115,
            -105,
            -145,
            30,
            126226586
        ],
        [
            116,
            -55,
            -171,
            30,
            126328961
        ],
        [
            117,
            0,
            -180,
            10,
            42557560
        ],
        [
            118,
            55,
            -171,
            10,
            42672257
        ],
        [
            119,
            105,
            -145,
            30,
            126660762
        ],
        [
            120,
            145,
            -105,
            30,
            126742722
        ],
        [
            121,
            171,
            -55,
            10,
            42907892
        ],
        [
            122,
            210,
            0,
            10,
            42987820
        ],
        [
            123,
            199,
            64,
            30,
            126853485
        ],
        [
            124,
            169,
            123,
            30,
            126792103
        ],
        [
            125,
            123,
            169,
            10,
            42809814
        ],
        [
            126,
            64,
            199,
            10,
            42691060
        ],
        [
            127,
            0,
            210,
            30,
            126444030
        ],
        [
            128,
            -64,
            199,
            30,
            126310900
        ],
        [
            129,
            -123,
            169,
            10,
            42306006
        ],
        [
            130,
            -169,
            123,
            10,
            42209703
        ],
        [
            131,
            -199,
            64,
            30,
            126034285
        ],
        [
            132,
            -210,
            0,
            30,
            126013740
        ],
        [
            133,
            -199,
            -64,
            10,
            42148075
        ],
        [
            134,
            -169,
            -123,
            10,
            42209457
        ],
        [
            135,
            -123,
            -169,
            30,
            126191746
        ],
        [
            136,
            -64,
            -199,
            30,
            126310500
        ],
        [
            137,
            0,
            -210,
            10,
            42557530
        ],
        [
            138,
            64,
            -199,
            10,
            42690660
        ],
        [
            139,
            123,
            -169,
            30,
            126695554
        ],
        [
            140,
            169,
            -123,
            30,
            126791857
        ],
        [
            141,
            199,
            -64,
            10,
            42967275
        ],
        [
            142,
            240,
            0,
            10,
            43049260
        ],
        [
            143,
            228,
            74,
            30,
            126910838
        ],
        [
            144,
            194,
            141,
            30,
            126841273
        ],
        [
            145,
            141,
            194,
            10,
            42846702
        ],
        [
            146,
            74,
            228,
            10,
            42709520
        ],
        [
            147,
            0,
            240,
            30,
            126444060
        ],
        [
            148,
            -74,
            228,
            30,
            126292496
        ],
        [
            149,
            -141,
            194,
            10,
            42269166
        ],
        [
            150,
            -194,
            141,
            10,
            42160569
        ],
        [
            151,
            -228,
            74,
            30,
            125976950
        ],
        [
            152,
            -240,
            0,
            30,
            125952300
        ],
        [
            153,
            -228,
            -74,
            10,
            42090722
        ],
        [
            154,
            -194,
            -141,
            10,
            42160287
        ],
        [
            155,
            -141,
            -194,
            30,
            126154858
        ],
        [
            156,
            -74,
            -228,
            30,
            126292040
        ],
        [
            157,
            0,
            -240,
            10,
            42557500
        ],
        [
            158,
            74,
            -228,
            10,
            42709064
        ],
        [
            159,
            141,
            -194,
            30,
            126732394
        ],
        [
            160,
            194,
            -141,
            30,
            126840991
        ],
        [
            161,
            228,
            -74,
            10,
            43024610
        ],
        [
            162,
            270,
            0,
            10,
            43110700
        ],
        [
            163,
            256,
            83,
            30,
            126970239
        ],
        [
            164,
            218,
            158,
            30,
            126890443
        ],
        [
            165,
            158,
            218,
            10,
            42883590
        ],
        [
            166,
            83,
            256,
            10,
            42727981
        ],
        [
            167,
            0,
            270,
            30,
            126444090
        ],
        [
            168,
            -83,
            256,
            30,
            126274093
        ],
        [
            169,
            -158,
            218,
            10,
            42232326
        ],
        [
            170,
            -218,
            158,
            10,
            42111435
        ],
        [
            171,
            -256,
            83,
            30,
            125917567
        ],
        [
            172,
            -270,
            0,
            30,
            125890860
        ],
        [
            173,
            -256,
            -83,
            10,
            42031321
        ],
        [
            174,
            -218,
            -158,
            10,
            42111117
        ],
        [
            175,
            -158,
            -218,
            30,
            126117970
        ],
        [
            176,
            -83,
            -256,
            30,
            126273579
        ],
        [
            177,
            0,
            -270,
            10,
            42557470
        ],
        [
            178,
            83,
            -256,
            10,
            42727467
        ],
        [
            179,
            158,
            -218,
            30,
            126769234
        ],
        [
            180,
            218,
            -158,
            30,
            126890125
        ],
        [
            181,
            256,
            -83,
            10,
            43083993
        ],
        [
            182,
            300,
            0,
            10,
            43172140
        ],
        [
            183,
            285,
            92,
            30,
            127027593
        ],
        [
            184,
            242,
            176,
            30,
            126941660
        ],
        [
            185,
            176,
            242,
            10,
            42918431
        ],
        [
            186,
            92,
            285,
            10,
            42748489
        ],
        [
            187,
            0,
            300,
            30,
            126444120
        ],
        [
            188,
            -92,
            285,
            30,
            126253641
        ],
        [
            189,
            -176,
            242,
            10,
            42197535
        ],
        [
            190,
            -242,
            176,
            10,
            42060252
        ],
        [
            191,
            -285,
            92,
            30,
            125860233
        ],
        [
            192,
            -300,
            0,
            30,
            125829420
        ],
        [
            193,
            -285,
            -92,
            10,
            41973967
        ],
        [
            194,
            -242,
            -176,
            10,
            42059900
        ],
        [
            195,
            -176,
            -242,
            30,
            126083129
        ],
        [
            196,
            -92,
            -285,
            30,
            126253071
        ],
        [
            197,
            0,
            -300,
            10,
            42557440
        ],
        [
            198,
            92,
            -285,
            10,
            42747919
        ],
        [
            199,
            176,
            -242,
            30,
            126804025
        ],
        [
            200,
            242,
            -176,
            30,
            126941308
        ],
        [
            201,
            285,
            -92,
            10,
            43141327
        ]
    ]
}