{
    "Problem": "Golden_17",
    "Set": "Golden et al.",
    "Capacity": 200,
    "Dimension": 241,
    "Best": 707.79,
    "Optimal": true,
    "Encoded Bits": 22,
    "X Bits": 7,
    "Y Bits": 7,
    "Demand Bits": 7,
    "Index Bits": 9,
    "Depot Bits": 1,
    "Nodes": [
        [
            0,
            5,
            0,
            40,
            658324
        ],
        [
            1,
            2,
            5,
            40,
            2755097
        ],
        [
            2,
            -2,
            5,
            40,
            4851481
        ],
        [
            3,
            -5,
            0,
            40,
            6948244
        ],
        [
            4,
            -2,
            -5,
            40,
            9045775
        ],
        [
            5,
            2,
            -5,
            40,
            11143695
        ],
        [
            6,
            8,
            5,
            40,
            13241625
        ],
        [
            7,
            0,
            10,
            40,
            15337630
        ],
        [
            8,
            -8,
            5,
            40,
            17433625
        ],
        [
            9,
            -8,
            -5,
            40,
            19530767
        ],
        [
            10,
            0,
            -10,
            40,
            21629066
        ],
        [
            11,
            8,
            -5,
            40,
            23727375
        ],
        [
            12,
            5,
            0,
            10,
            25332500
        ],
        [
            13,
            3,
            4,
            10,
            27429400
        ],
        [
            14,
            6,
            -1,
            10,
            29526930
        ],
        [
            15,
            7,
            -2,
            20,
            31788049
        ],
        [
            16,
            7,
            -3,
            10,
            33721488
        ],
        [
            17,
            6,
            1,
            10,
            35818389
        ],
        [
            18,
            7,
            2,
            20,
            38079510
        ],
        [
            19,
            7,
            3,
            10,
            40012951
        ],
        [
            20,
            2,
            5,
            10,
            42109337
        ],
        [
            21,
            -2,
            5,
            10,
            44205977
        ],
        [
            22,
            4,
            5,
            10,
            46303897
        ],
        [
            23,
            5,
            5,
            20,
            48565145
        ],
        [
            24,
            7,
            5,
            10,
            50498585
        ],
        [
            25,
            2,
            6,
            10,
            52595098
        ],
        [
            26,
            1,
            7,
            20,
            54855963
        ],
        [
            27,
            0,
            8,
            10,
            56789276
        ],
        [
            28,
            -3,
            4,
            10,
            58885912
        ],
        [
            29,
            -5,
            0,
            10,
            60982804
        ],
        [
            30,
            -2,
            6,
            10,
            63080346
        ],
        [
            31,
            -1,
            7,
            20,
            65341339
        ],
        [
            32,
            0,
            8,
            10,
            67274780
        ],
        [
            33,
            -4,
            5,
            10,
            69371545
        ],
        [
            34,
            -5,
            5,
            20,
            71632281
        ],
        [
            35,
            -7,
            5,
            10,
            73565465
        ],
        [
            36,
            -5,
            0,
            10,
            75662867
        ],
        [
            37,
            -3,
            -4,
            10,
            77760271
        ],
        [
            38,
            -6,
            1,
            10,
            79856917
        ],
        [
            39,
            -7,
            2,
            20,
            82117910
        ],
        [
            40,
            -7,
            3,
            10,
            84051095
        ],
        [
            41,
            -6,
            -1,
            10,
            86148370
        ],
        [
            42,
            -7,
            -2,
            20,
            88409361
        ],
        [
            43,
            -7,
            -3,
            10,
            90342544
        ],
        [
            44,
            -2,
            -5,
            10,
            92440463
        ],
        [
            45,
            2,
            -5,
            10,
            94538127
        ],
        [
            46,
            -4,
            -5,
            10,
            96634511
        ],
        [
            47,
            -5,
            -5,
            20,
            98895247
        ],
        [
            48,
            -7,
            -5,
            10,
            100828431
        ],
        [
            49,
            -2,
            -6,
            10,
            102926221
        ],
        [
            50,
            -1,
            -7,
            20,
            105187212
        ],
        [
            51,
            0,
            -8,
            10,
            107120651
        ],
        [
            52,
            3,
            -4,
            10,
            109218319
        ],
        [
            53,
            5,
            0,
            10,
            111315731
        ],
        [
            54,
            2,
            -6,
            10,
            113412493
        ],
        [
            55,
            1,
            -7,
            20,
            115673356
        ],
        [
            56,
            0,
            -8,
            10,
            117606667
        ],
        [
            57,
            4,
            -5,
            10,
            119704207
        ],
        [
            58,
            5,
            -5,
            20,
            121965455
        ],
        [
            59,
            7,
            -5,
            10,
            123898895
        ],
        [
            60,
            7,
            0,
            40,
            126487572
        ],
        [
            61,
            3,
            6,
            40,
            128584346
        ],
        [
            62,
            -3,
            6,
            40,
            130680474
        ],
        [
            63,
            -7,
            0,
            40,
            132777236
        ],
        [
            64,
            -3,
            -6,
            40,
            134874765
        ],
        [
            65,
            3,
            -6,
            40,
            136972941
        ],
        [
            66,
            10,
            6,
            40,
            139071002
        ],
        [
            67,
            0,
            12,
            40,
            141166752
        ],
        [
            68,
            -10,
            6,
            40,
            143262490
        ],
        [
            69,
            -10,
            -6,
            40,
            145359629
        ],
        [
            70,
            0,
            -12,
            40,
            147458183
        ],
        [
            71,
            10,
            -6,
            40,
            149556749
        ],
        [
            72,
            6,
            0,
            10,
            151161876
        ],
        [
            73,
            4,
            5,
            10,
            153258649
        ],
        [
            74,
            8,
            -1,
            10,
            155356306
        ],
        [
            75,
            9,
            -3,
            20,
            157617424
        ],
        [
            76,
            9,
            -4,
            10,
            159550863
        ],
        [
            77,
            8,
            1,
            10,
            161647765
        ],
        [
            78,
            9,
            3,
            20,
            163908887
        ],
        [
            79,
            9,
            4,
            10,
            165842328
        ],
        [
            80,
            2,
            6,
            10,
            167938458
        ],
        [
            81,
            -2,
            6,
            10,
            170034970
        ],
        [
            82,
            5,
            6,
            10,
            172133146
        ],
        [
            83,
            7,
            6,
            20,
            174394394
        ],
        [
            84,
            9,
            6,
            10,
            176327962
        ],
        [
            85,
            2,
            7,
            10,
            178424347
        ],
        [
            86,
            1,
            9,
            20,
            180685213
        ],
        [
            87,
            0,
            10,
            10,
            182618398
        ],
        [
            88,
            -4,
            5,
            10,
            184714905
        ],
        [
            89,
            -6,
            0,
            10,
            186811668
        ],
        [
            90,
            -2,
            7,
            10,
            188909339
        ],
        [
            91,
            -1,
            9,
            20,
            191170461
        ],
        [
            92,
            0,
            10,
            10,
            193103902
        ],
        [
            93,
            -5,
            6,
            10,
            195200538
        ],
        [
            94,
            -7,
            6,
            20,
            197461274
        ],
        [
            95,
            -9,
            6,
            10,
            199394330
        ],
        [
            96,
            -6,
            0,
            10,
            201491731
        ],
        [
            97,
            -4,
            -5,
            10,
            203589262
        ],
        [
            98,
            -8,
            1,
            10,
            205685909
        ],
        [
            99,
            -9,
            3,
            20,
            207946775
        ],
        [
            100,
            -9,
            4,
            10,
            209879960
        ],
        [
            101,
            -8,
            -1,
            10,
            211977362
        ],
        [
            102,
            -9,
            -3,
            20,
            214238224
        ],
        [
            103,
            -9,
            -4,
            10,
            216171407
        ],
        [
            104,
            -2,
            -6,
            10,
            218269453
        ],
        [
            105,
            2,
            -6,
            10,
            220367245
        ],
        [
            106,
            -5,
            -6,
            10,
            222463501
        ],
        [
            107,
            -7,
            -6,
            20,
            224724237
        ],
        [
            108,
            -9,
            -6,
            10,
            226657293
        ],
        [
            109,
            -2,
            -7,
            10,
            228755212
        ],
        [
            110,
            -1,
            -9,
            20,
            231016330
        ],
        [
            111,
            0,
            -10,
            10,
            232949769
        ],
        [
            112,
            4,
            -5,
            10,
            235047566
        ],
        [
            113,
            6,
            0,
            10,
            237145107
        ],
        [
            114,
            2,
            -7,
            10,
            239241740
        ],
        [
            115,
            1,
            -9,
            20,
            241502602
        ],
        [
            116,
            0,
            -10,
            10,
            243435785
        ],
        [
            117,
            5,
            -6,
            10,
            245533453
        ],
        [
            118,
            7,
            -6,
            20,
            247794701
        ],
        [
            119,
            9,
            -6,
            10,
            249728269
        ],
        [
            120,
            9,
            0,
            40,
            252316948
        ],
        [
            121,
            4,
            7,
            40,
            254413467
        ],
        [
            122,
            -4,
            7,
            40,
            256509467
        ],
        [
            123,
            -9,
            0,
            40,
            258606100
        ],
        [
            124,
            -4,
            -7,
            40,
            260703756
        ],
        [
            125,
            4,
            -7,
            40,
            262802060
        ],
        [
            126,
            13,
            7,
            40,
            264900379
        ],
        [
            127,
            0,
            15,
            40,
            266995875
        ],
        [
            128,
            -13,
            7,
            40,
            269091227
        ],
        [
            129,
            -13,
            -7,
            40,
            271188364
        ],
        [
            130,
            0,
            -15,
            40,
            273287300
        ],
        [
            131,
            13,
            -7,
            40,
            275386124
        ],
        [
            132,
            8,
            1,
            10,
            276991125
        ],
        [
            133,
            5,
            6,
            10,
            279087898
        ],
        [
            134,
            10,
            -1,
            10,
            281185682
        ],
        [
            135,
            11,
            -3,
            20,
            283446800
        ],
        [
            136,
            12,
            -5,
            10,
            285380238
        ],
        [
            137,
            10,
            1,
            10,
            287477141
        ],
        [
            138,
            11,
            3,
            20,
            289738263
        ],
        [
            139,
            12,
            5,
            10,
            291671705
        ],
        [
            140,
            3,
            7,
            10,
            293767707
        ],
        [
            141,
            -3,
            7,
            10,
            295864091
        ],
        [
            142,
            6,
            7,
            10,
            297962523
        ],
        [
            143,
            9,
            7,
            20,
            300223771
        ],
        [
            144,
            11,
            7,
            10,
            302157339
        ],
        [
            145,
            3,
            9,
            10,
            304253469
        ],
        [
            146,
            2,
            11,
            20,
            306514335
        ],
        [
            147,
            1,
            13,
            10,
            308447521
        ],
        [
            148,
            -5,
            6,
            10,
            310543898
        ],
        [
            149,
            -8,
            1,
            10,
            312640661
        ],
        [
            150,
            -3,
            9,
            10,
            314738461
        ],
        [
            151,
            -2,
            11,
            20,
            316999583
        ],
        [
            152,
            -1,
            13,
            10,
            318933025
        ],
        [
            153,
            -6,
            7,
            10,
            321029403
        ],
        [
            154,
            -9,
            7,
            20,
            323290139
        ],
        [
            155,
            -11,
            7,
            10,
            325223195
        ],
        [
            156,
            -8,
            -1,
            10,
            327320722
        ],
        [
            157,
            -5,
            -6,
            10,
            329418253
        ],
        [
            158,
            -10,
            1,
            10,
            331514773
        ],
        [
            159,
            -11,
            3,
            20,
            333775639
        ],
        [
            160,
            -12,
            5,
            10,
            335708825
        ],
        [
            161,
            -10,
            -1,
            10,
            337806226
        ],
        [
            162,
            -11,
            -3,
            20,
            340067088
        ],
        [
            163,
            -12,
            -5,
            10,
            342000270
        ],
        [
            164,
            -3,
            -7,
            10,
            344098572
        ],
        [
            165,
            3,
            -7,
            10,
            346196492
        ],
        [
            166,
            -6,
            -7,
            10,
            348292364
        ],
        [
            167,
            -9,
            -7,
            20,
            350553100
        ],
        [
            168,
            -11,
            -7,
            10,
            352486156
        ],
        [
            169,
            -3,
            -9,
            10,
            354584330
        ],
        [
            170,
            -2,
            -11,
            20,
            356845448
        ],
        [
            171,
            -1,
            -13,
            10,
            358778886
        ],
        [
            172,
            5,
            -6,
            10,
            360876813
        ],
        [
            173,
            8,
            -1,
            10,
            362974354
        ],
        [
            174,
            3,
            -9,
            10,
            365070858
        ],
        [
            175,
            2,
            -11,
            20,
            367331720
        ],
        [
            176,
            1,
            -13,
            10,
            369264902
        ],
        [
            177,
            6,
            -7,
            10,
            371362828
        ],
        [
            178,
            9,
            -7,
            20,
            373624076
        ],
        [
            179,
            11,
            -7,
            10,
            375557644
        ],
        [
            180,
            11,
            0,
            40,
            378146324
        ],
        [
            181,
            5,
            9,
            40,
            380242845
        ],
        [
            182,
            -5,
            9,
            40,
            382338461
        ],
        [
            183,
            -11,
            0,
            40,
            384434964
        ],
        [
            184,
            -5,
            -9,
            40,
            386532746
        ],
        [
            185,
            5,
            -9,
            40,
            388631434
        ],
        [
            186,
            16,
            9,
            40,
            390730013
        ],
        [
            187,
            0,
            19,
            40,
            392824999
        ],
        [
            188,
            -16,
            9,
            40,
            394919965
        ],
        [
            189,
            -16,
            -9,
            40,
            397017098
        ],
        [
            190,
            0,
            -19,
            40,
            399116416
        ],
        [
            191,
            16,
            -9,
            40,
            401215754
        ],
        [
            192,
            10,
            1,
            10,
            402820501
        ],
        [
            193,
            6,
            8,
            10,
            404917148
        ],
        [
            194,
            12,
            -2,
            10,
            407015185
        ],
        [
            195,
            14,
            -4,
            20,
            409276303
        ],
        [
            196,
            15,
            -7,
            10,
            411209740
        ],
        [
            197,
            12,
            2,
            10,
            413306646
        ],
        [
            198,
            14,
            4,
            20,
            415567768
        ],
        [
            199,
            15,
            7,
            10,
            417501211
        ],
        [
            200,
            3,
            9,
            10,
            419596957
        ],
        [
            201,
            -3,
            9,
            10,
            421693085
        ],
        [
            202,
            8,
            9,
            10,
            423791773
        ],
        [
            203,
            11,
            9,
            20,
            426053149
        ],
        [
            204,
            14,
            9,
            10,
            427986845
        ],
        [
            205,
            4,
            12,
            10,
            430082720
        ],
        [
            206,
            2,
            14,
            20,
            432343586
        ],
        [
            207,
            1,
            17,
            10,
            434276645
        ],
        [
            208,
            -6,
            8,
            10,
            436372764
        ],
        [
            209,
            -10,
            1,
            10,
            438469397
        ],
        [
            210,
            -4,
            12,
            10,
            440567456
        ],
        [
            211,
            -2,
            14,
            20,
            442828578
        ],
        [
            212,
            -1,
            17,
            10,
            444762149
        ],
        [
            213,
            -8,
            9,
            10,
            446858269
        ],
        [
            214,
            -11,
            9,
            20,
            449119005
        ],
        [
            215,
            -14,
            9,
            10,
            451051933
        ],
        [
            216,
            -10,
            -1,
            10,
            453149458
        ],
        [
            217,
            -6,
            -8,
            10,
            455247115
        ],
        [
            218,
            -12,
            2,
            10,
            457343510
        ],
        [
            219,
            -14,
            4,
            20,
            459604376
        ],
        [
            220,
            -15,
            7,
            10,
            461537435
        ],
        [
            221,
            -12,
            -2,
            10,
            463634961
        ],
        [
            222,
            -14,
            -4,
            20,
            465895823
        ],
        [
            223,
            -15,
            -7,
            10,
            467828876
        ],
        [
            224,
            -3,
            -9,
            10,
            469927562
        ],
        [
            225,
            3,
            -9,
            10,
            472025738
        ],
        [
            226,
            -8,
            -9,
            10,
            474121226
        ],
        [
            227,
            -11,
            -9,
            20,
            476381962
        ],
        [
            228,
            -14,
            -9,
            10,
            478314890
        ],
        [
            229,
            -4,
            -12,
            10,
            480413319
        ],
        [
            230,
            -2,
            -14,
            20,
            482674437
        ],
        [
            231,
            -1,
            -17,
            10,
            484608002
        ],
        [
            232,
            6,
            -8,
            10,
            486706059
        ],
        [
            233,
            10,
            -1,
            10,
            488803730
        ],
        [
            234,
            4,
            -12,
            10,
            490900103
        ],
        [
            235,
            2,
            -14,
            20,
            493160965
        ],
        [
            236,
            1,
            -17,
            10,
            495094018
        ],
        [
            237,
            8,
            -9,
            10,
            497192074
        ],
        [
            238,
            11,
            -9,
            20,
            499453450
        ],
        [
            239,
            14,
            -9,
            0,
            501223306
        ],
        [
            240,
            0,
            0,
            10,
            503482516
        ]
    ]
}