{
    "Problem": "Golden_13",
    "Set": "Golden et al.",
    "Capacity": 1000,
    "Dimension": 253,
    "Best": 859.11,
    "Optimal": true,
    "Encoded Bits": 23,
    "X Bits": 6,
    "Y Bits": 6,
    "Demand Bits": 10,
    "Index Bits": 9,
    "Depot Bits": 1,
    "Depot": [
        0.0,
        0.0
    ],
    "Nodes": [
        [
            0,
            3,
            1,
            300,
            1229968
        ],
        [
            1,
            3,
            3,
            300,
            5424274
        ],
        [
            2,
            1,
            3,
            300,
            9618450
        ],
        [
            3,
            -1,
            3,
            300,
            13812626
        ],
        [
            4,
            -3,
            3,
            300,
            18006802
        ],
        [
            5,
            -3,
            1,
            300,
            22201104
        ],
        [
            6,
            -3,
            -1,
            300,
            26395406
        ],
        [
            7,
            -3,
            -3,
            300,
            30589708
        ],
        [
            8,
            -1,
            -3,
            300,
            34784140
        ],
        [
            9,
            1,
            -3,
            300,
            38978572
        ],
        [
            10,
            3,
            -3,
            300,
            43173004
        ],
        [
            11,
            3,
            -1,
            300,
            47367310
        ],
        [
            12,
            5,
            1,
            180,
            51070224
        ],
        [
            13,
            5,
            3,
            180,
            55264530
        ],
        [
            14,
            5,
            5,
            180,
            59458836
        ],
        [
            15,
            3,
            5,
            180,
            63653012
        ],
        [
            16,
            1,
            5,
            180,
            67847188
        ],
        [
            17,
            -1,
            5,
            180,
            72041364
        ],
        [
            18,
            -3,
            5,
            180,
            76235540
        ],
        [
            19,
            -5,
            5,
            180,
            80429716
        ],
        [
            20,
            -5,
            3,
            180,
            84624018
        ],
        [
            21,
            -5,
            1,
            180,
            88818320
        ],
        [
            22,
            -5,
            -1,
            180,
            93012622
        ],
        [
            23,
            -5,
            -3,
            180,
            97206924
        ],
        [
            24,
            -5,
            -5,
            180,
            101401226
        ],
        [
            25,
            -3,
            -5,
            180,
            105595658
        ],
        [
            26,
            -1,
            -5,
            180,
            109790090
        ],
        [
            27,
            1,
            -5,
            180,
            113984522
        ],
        [
            28,
            3,
            -5,
            180,
            118178954
        ],
        [
            29,
            5,
            -5,
            180,
            122373386
        ],
        [
            30,
            5,
            -3,
            180,
            126567692
        ],
        [
            31,
            5,
            -1,
            180,
            130761998
        ],
        [
            32,
            7,
            1,
            128,
            134743440
        ],
        [
            33,
            7,
            3,
            128,
            138937746
        ],
        [
            34,
            7,
            5,
            128,
            143132052
        ],
        [
            35,
            7,
            7,
            128,
            147326358
        ],
        [
            36,
            5,
            7,
            128,
            151520534
        ],
        [
            37,
            3,
            7,
            128,
            155714710
        ],
        [
            38,
            1,
            7,
            128,
            159908886
        ],
        [
            39,
            -1,
            7,
            128,
            164103062
        ],
        [
            40,
            -3,
            7,
            128,
            168297238
        ],
        [
            41,
            -5,
            7,
            128,
            172491414
        ],
        [
            42,
            -7,
            7,
            128,
            176685590
        ],
        [
            43,
            -7,
            5,
            128,
            180879892
        ],
        [
            44,
            -7,
            3,
            128,
            185074194
        ],
        [
            45,
            -7,
            1,
            128,
            189268496
        ],
        [
            46,
            -7,
            -1,
            128,
            193462798
        ],
        [
            47,
            -7,
            -3,
            128,
            197657100
        ],
        [
            48,
            -7,
            -5,
            128,
            201851402
        ],
        [
            49,
            -7,
            -7,
            128,
            206045704
        ],
        [
            50,
            -5,
            -7,
            128,
            210240136
        ],
        [
            51,
            -3,
            -7,
            128,
            214434568
        ],
        [
            52,
            -1,
            -7,
            128,
            218629000
        ],
        [
            53,
            1,
            -7,
            128,
            222823432
        ],
        [
            54,
            3,
            -7,
            128,
            227017864
        ],
        [
            55,
            5,
            -7,
            128,
            231212296
        ],
        [
            56,
            7,
            -7,
            128,
            235406728
        ],
        [
            57,
            7,
            -5,
            128,
            239601034
        ],
        [
            58,
            7,
            -3,
            128,
            243795340
        ],
        [
            59,
            7,
            -1,
            128,
            247989646
        ],
        [
            60,
            9,
            1,
            100,
            252069392
        ],
        [
            61,
            9,
            3,
            100,
            256263698
        ],
        [
            62,
            9,
            5,
            100,
            260458004
        ],
        [
            63,
            9,
            7,
            100,
            264652310
        ],
        [
            64,
            9,
            9,
            100,
            268846616
        ],
        [
            65,
            7,
            9,
            100,
            273040792
        ],
        [
            66,
            5,
            9,
            100,
            277234968
        ],
        [
            67,
            3,
            9,
            100,
            281429144
        ],
        [
            68,
            1,
            9,
            100,
            285623320
        ],
        [
            69,
            -1,
            9,
            100,
            289817496
        ],
        [
            70,
            -3,
            9,
            100,
            294011672
        ],
        [
            71,
            -5,
            9,
            100,
            298205848
        ],
        [
            72,
            -7,
            9,
            100,
            302400024
        ],
        [
            73,
            -9,
            9,
            100,
            306594200
        ],
        [
            74,
            -9,
            7,
            100,
            310788502
        ],
        [
            75,
            -9,
            5,
            100,
            314982804
        ],
        [
            76,
            -9,
            3,
            100,
            319177106
        ],
        [
            77,
            -9,
            1,
            100,
            323371408
        ],
        [
            78,
            -9,
            -1,
            100,
            327565710
        ],
        [
            79,
            -9,
            -3,
            100,
            331760012
        ],
        [
            80,
            -9,
            -5,
            100,
            335954314
        ],
        [
            81,
            -9,
            -7,
            100,
            340148616
        ],
        [
            82,
            -9,
            -9,
            100,
            344342918
        ],
        [
            83,
            -7,
            -9,
            100,
            348537350
        ],
        [
            84,
            -5,
            -9,
            100,
            352731782
        ],
        [
            85,
            -3,
            -9,
            100,
            356926214
        ],
        [
            86,
            -1,
            -9,
            100,
            361120646
        ],
        [
            87,
            1,
            -9,
            100,
            365315078
        ],
        [
            88,
            3,
            -9,
            100,
            369509510
        ],
        [
            89,
            5,
            -9,
            100,
            373703942
        ],
        [
            90,
            7,
            -9,
            100,
            377898374
        ],
        [
            91,
            9,
            -9,
            100,
            382092806
        ],
        [
            92,
            9,
            -7,
            100,
            386287112
        ],
        [
            93,
            9,
            -5,
            100,
            390481418
        ],
        [
            94,
            9,
            -3,
            100,
            394675724
        ],
        [
            95,
            9,
            -1,
            100,
            398870030
        ],
        [
            96,
            11,
            1,
            81,
            402986640
        ],
        [
            97,
            11,
            3,
            81,
            407180946
        ],
        [
            98,
            11,
            5,
            81,
            411375252
        ],
        [
            99,
            11,
            7,
            81,
            415569558
        ],
        [
            100,
            11,
            9,
            81,
            419763864
        ],
        [
            101,
            11,
            11,
            81,
            423958170
        ],
        [
            102,
            9,
            11,
            81,
            428152346
        ],
        [
            103,
            7,
            11,
            81,
            432346522
        ],
        [
            104,
            5,
            11,
            81,
            436540698
        ],
        [
            105,
            3,
            11,
            81,
            440734874
        ],
        [
            106,
            1,
            11,
            81,
            444929050
        ],
        [
            107,
            -1,
            11,
            81,
            449123226
        ],
        [
            108,
            -3,
            11,
            81,
            453317402
        ],
        [
            109,
            -5,
            11,
            81,
            457511578
        ],
        [
            110,
            -7,
            11,
            81,
            461705754
        ],
        [
            111,
            -9,
            11,
            81,
            465899930
        ],
        [
            112,
            -11,
            11,
            81,
            470094106
        ],
        [
            113,
            -11,
            9,
            81,
            474288408
        ],
        [
            114,
            -11,
            7,
            81,
            478482710
        ],
        [
            115,
            -11,
            5,
            81,
            482677012
        ],
        [
            116,
            -11,
            3,
            81,
            486871314
        ],
        [
            117,
            -11,
            1,
            81,
            491065616
        ],
        [
            118,
            -11,
            -1,
            81,
            495259918
        ],
        [
            119,
            -11,
            -3,
            81,
            499454220
        ],
        [
            120,
            -11,
            -5,
            81,
            503648522
        ],
        [
            121,
            -11,
            -7,
            81,
            507842824
        ],
        [
            122,
            -11,
            -9,
            81,
            512037126
        ],
        [
            123,
            -11,
            -11,
            81,
            516231428
        ],
        [
            124,
            -9,
            -11,
            81,
            520425860
        ],
        [
            125,
            -7,
            -11,
            81,
            524620292
        ],
        [
            126,
            -5,
            -11,
            81,
            528814724
        ],
        [
            127,
            -3,
            -11,
            81,
            533009156
        ],
        [
            128,
            -1,
            -11,
            81,
            537203588
        ],
        [
            129,
            1,
            -11,
            81,
            541398020
        ],
        [
            130,
            3,
            -11,
            81,
            545592452
        ],
        [
            131,
            5,
            -11,
            81,
            549786884
        ],
        [
            132,
            7,
            -11,
            81,
            553981316
        ],
        [
            133,
            9,
            -11,
            81,
            558175748
        ],
        [
            134,
            11,
            -11,
            81,
            562370180
        ],
        [
            135,
            11,
            -9,
            81,
            566564486
        ],
        [
            136,
            11,
            -7,
            81,
            570758792
        ],
        [
            137,
            11,
            -5,
            81,
            574953098
        ],
        [
            138,
            11,
            -3,
            81,
            579147404
        ],
        [
            139,
            11,
            -1,
            81,
            583341710
        ],
        [
            140,
            13,
            1,
            69,
            587486992
        ],
        [
            141,
            13,
            3,
            69,
            591681298
        ],
        [
            142,
            13,
            5,
            69,
            595875604
        ],
        [
            143,
            13,
            7,
            69,
            600069910
        ],
        [
            144,
            13,
            9,
            69,
            604264216
        ],
        [
            145,
            13,
            11,
            69,
            608458522
        ],
        [
            146,
            13,
            13,
            69,
            612652828
        ],
        [
            147,
            11,
            13,
            69,
            616847004
        ],
        [
            148,
            9,
            13,
            69,
            621041180
        ],
        [
            149,
            7,
            13,
            69,
            625235356
        ],
        [
            150,
            5,
            13,
            69,
            629429532
        ],
        [
            151,
            3,
            13,
            69,
            633623708
        ],
        [
            152,
            1,
            13,
            69,
            637817884
        ],
        [
            153,
            -1,
            13,
            69,
            642012060
        ],
        [
            154,
            -3,
            13,
            69,
            646206236
        ],
        [
            155,
            -5,
            13,
            69,
            650400412
        ],
        [
            156,
            -7,
            13,
            69,
            654594588
        ],
        [
            157,
            -9,
            13,
            69,
            658788764
        ],
        [
            158,
            -11,
            13,
            69,
            662982940
        ],
        [
            159,
            -13,
            13,
            69,
            667177116
        ],
        [
            160,
            -13,
            11,
            69,
            671371418
        ],
        [
            161,
            -13,
            9,
            69,
            675565720
        ],
        [
            162,
            -13,
            7,
            69,
            679760022
        ],
        [
            163,
            -13,
            5,
            69,
            683954324
        ],
        [
            164,
            -13,
            3,
            69,
            688148626
        ],
        [
            165,
            -13,
            1,
            69,
            692342928
        ],
        [
            166,
            -13,
            -1,
            69,
            696537230
        ],
        [
            167,
            -13,
            -3,
            69,
            700731532
        ],
        [
            168,
            -13,
            -5,
            69,
            704925834
        ],
        [
            169,
            -13,
            -7,
            69,
            709120136
        ],
        [
            170,
            -13,
            -9,
            69,
            713314438
        ],
        [
            171,
            -13,
            -11,
            69,
            717508740
        ],
        [
            172,
            -13,
            -13,
            69,
            721703042
        ],
        [
            173,
            -11,
            -13,
            69,
            725897474
        ],
        [
            174,
            -9,
            -13,
            69,
            730091906
        ],
        [
            175,
            -7,
            -13,
            69,
            734286338
        ],
        [
            176,
            -5,
            -13,
            69,
            738480770
        ],
        [
            177,
            -3,
            -13,
            69,
            742675202
        ],
        [
            178,
            -1,
            -13,
            69,
            746869634
        ],
        [
            179,
            1,
            -13,
            69,
            751064066
        ],
        [
            180,
            3,
            -13,
            69,
            755258498
        ],
        [
            181,
            5,
            -13,
            69,
            759452930
        ],
        [
            182,
            7,
            -13,
            69,
            763647362
        ],
        [
            183,
            9,
            -13,
            69,
            767841794
        ],
        [
            184,
            11,
            -13,
            69,
            772036226
        ],
        [
            185,
            13,
            -13,
            69,
            776230658
        ],
        [
            186,
            13,
            -11,
            69,
            780424964
        ],
        [
            187,
            13,
            -9,
            69,
            784619270
        ],
        [
            188,
            13,
            -7,
            69,
            788813576
        ],
        [
            189,
            13,
            -5,
            69,
            793007882
        ],
        [
            190,
            13,
            -3,
            69,
            797202188
        ],
        [
            191,
            13,
            -1,
            69,
            801396494
        ],
        [
            192,
            15,
            1,
            60,
            805554064
        ],
        [
            193,
            15,
            3,
            60,
            809748370
        ],
        [
            194,
            15,
            5,
            60,
            813942676
        ],
        [
            195,
            15,
            7,
            60,
            818136982
        ],
        [
            196,
            15,
            9,
            60,
            822331288
        ],
        [
            197,
            15,
            11,
            60,
            826525594
        ],
        [
            198,
            15,
            13,
            60,
            830719900
        ],
        [
            199,
            15,
            15,
            60,
            834914206
        ],
        [
            200,
            13,
            15,
            60,
            839108382
        ],
        [
            201,
            11,
            15,
            60,
            843302558
        ],
        [
            202,
            9,
            15,
            60,
            847496734
        ],
        [
            203,
            7,
            15,
            60,
            851690910
        ],
        [
            204,
            5,
            15,
            60,
            855885086
        ],
        [
            205,
            3,
            15,
            60,
            860079262
        ],
        [
            206,
            1,
            15,
            60,
            864273438
        ],
        [
            207,
            -1,
            15,
            60,
            868467614
        ],
        [
            208,
            -3,
            15,
            60,
            872661790
        ],
        [
            209,
            -5,
            15,
            60,
            876855966
        ],
        [
            210,
            -7,
            15,
            60,
            881050142
        ],
        [
            211,
            -9,
            15,
            60,
            885244318
        ],
        [
            212,
            -11,
            15,
            60,
            889438494
        ],
        [
            213,
            -13,
            15,
            60,
            893632670
        ],
        [
            214,
            -15,
            15,
            60,
            897826846
        ],
        [
            215,
            -15,
            13,
            60,
            902021148
        ],
        [
            216,
            -15,
            11,
            60,
            906215450
        ],
        [
            217,
            -15,
            9,
            60,
            910409752
        ],
        [
            218,
            -15,
            7,
            60,
            914604054
        ],
        [
            219,
            -15,
            5,
            60,
            918798356
        ],
        [
            220,
            -15,
            3,
            60,
            922992658
        ],
        [
            221,
            -15,
            1,
            60,
            927186960
        ],
        [
            222,
            -15,
            -1,
            60,
            931381262
        ],
        [
            223,
            -15,
            -3,
            60,
            935575564
        ],
        [
            224,
            -15,
            -5,
            60,
            939769866
        ],
        [
            225,
            -15,
            -7,
            60,
            943964168
        ],
        [
            226,
            -15,
            -9,
            60,
            948158470
        ],
        [
            227,
            -15,
            -11,
            60,
            952352772
        ],
        [
            228,
            -15,
            -13,
            60,
            956547074
        ],
        [
            229,
            -15,
            -15,
            60,
            960741376
        ],
        [
            230,
            -13,
            -15,
            60,
            964935808
        ],
        [
            231,
            -11,
            -15,
            60,
            969130240
        ],
        [
            232,
            -9,
            -15,
            60,
            973324672
        ],
        [
            233,
            -7,
            -15,
            60,
            977519104
        ],
        [
            234,
            -5,
            -15,
            60,
            981713536
        ],
        [
            235,
            -3,
            -15,
            60,
            985907968
        ],
        [
            236,
            -1,
            -15,
            60,
            990102400
        ],
        [
            237,
            1,
            -15,
            60,
            994296832
        ],
        [
            238,
            3,
            -15,
            60,
            998491264
        ],
        [
            239,
            5,
            -15,
            60,
            1002685696
        ],
        [
            240,
            7,
            -15,
            60,
            1006880128
        ],
        [
            241,
            9,
            -15,
            60,
            1011074560
        ],
        [
            242,
            11,
            -15,
            60,
            1015268992
        ],
        [
            243,
            13,
            -15,
            60,
            1019463424
        ],
        [
            244,
            15,
            -15,
            60,
            1023657856
        ],
        [
            245,
            15,
            -13,
            60,
            1027852162
        ],
        [
            246,
            15,
            -11,
            60,
            1032046468
        ],
        [
            247,
            15,
            -9,
            60,
            1036240774
        ],
        [
            248,
            15,
            -7,
            60,
            1040435080
        ],
        [
            249,
            15,
            -5,
            60,
            1044629386
        ],
        [
            250,
            15,
            -3,
            60,
            1048823692
        ],
        [
            251,
            15,
            -1,
            60,
            1053017998
        ]
    ]
}